Archive member included to satisfy reference by file (symbol)

c:/program files (x86)/atmel/studio/7.0/toolchain/arm/arm-gnu-toolchain/bin/../lib/gcc/arm-none-eabi/6.3.1/thumb/v7e-m\libgcc.a(_aeabi_uldivmod.o)
                              src/function.o (__aeabi_uldivmod)
c:/program files (x86)/atmel/studio/7.0/toolchain/arm/arm-gnu-toolchain/bin/../lib/gcc/arm-none-eabi/6.3.1/thumb/v7e-m\libgcc.a(_udivmoddi4.o)
                              c:/program files (x86)/atmel/studio/7.0/toolchain/arm/arm-gnu-toolchain/bin/../lib/gcc/arm-none-eabi/6.3.1/thumb/v7e-m\libgcc.a(_aeabi_uldivmod.o) (__udivmoddi4)
c:/program files (x86)/atmel/studio/7.0/toolchain/arm/arm-gnu-toolchain/bin/../lib/gcc/arm-none-eabi/6.3.1/thumb/v7e-m\libgcc.a(_dvmd_tls.o)
                              c:/program files (x86)/atmel/studio/7.0/toolchain/arm/arm-gnu-toolchain/bin/../lib/gcc/arm-none-eabi/6.3.1/thumb/v7e-m\libgcc.a(_aeabi_uldivmod.o) (__aeabi_ldiv0)
c:/program files (x86)/atmel/studio/7.0/toolchain/arm/arm-gnu-toolchain/bin/../lib/gcc/arm-none-eabi/6.3.1/../../../../arm-none-eabi/lib/thumb/v7e-m\libc.a(lib_a-exit.o)
                              c:/program files (x86)/atmel/studio/7.0/toolchain/arm/arm-gnu-toolchain/bin/../lib/gcc/arm-none-eabi/6.3.1/../../../../arm-none-eabi/lib/thumb/v7e-m/crt0.o (exit)
c:/program files (x86)/atmel/studio/7.0/toolchain/arm/arm-gnu-toolchain/bin/../lib/gcc/arm-none-eabi/6.3.1/../../../../arm-none-eabi/lib/thumb/v7e-m\libc.a(lib_a-impure.o)
                              c:/program files (x86)/atmel/studio/7.0/toolchain/arm/arm-gnu-toolchain/bin/../lib/gcc/arm-none-eabi/6.3.1/../../../../arm-none-eabi/lib/thumb/v7e-m\libc.a(lib_a-exit.o) (_global_impure_ptr)
c:/program files (x86)/atmel/studio/7.0/toolchain/arm/arm-gnu-toolchain/bin/../lib/gcc/arm-none-eabi/6.3.1/../../../../arm-none-eabi/lib/thumb/v7e-m\libc.a(lib_a-init.o)
                              c:/program files (x86)/atmel/studio/7.0/toolchain/arm/arm-gnu-toolchain/bin/../lib/gcc/arm-none-eabi/6.3.1/../../../../arm-none-eabi/lib/thumb/v7e-m/crt0.o (__libc_init_array)
c:/program files (x86)/atmel/studio/7.0/toolchain/arm/arm-gnu-toolchain/bin/../lib/gcc/arm-none-eabi/6.3.1/../../../../arm-none-eabi/lib/thumb/v7e-m\libc.a(lib_a-memset.o)
                              c:/program files (x86)/atmel/studio/7.0/toolchain/arm/arm-gnu-toolchain/bin/../lib/gcc/arm-none-eabi/6.3.1/../../../../arm-none-eabi/lib/thumb/v7e-m/crt0.o (memset)
c:/program files (x86)/atmel/studio/7.0/toolchain/arm/arm-gnu-toolchain/bin/../lib/gcc/arm-none-eabi/6.3.1/../../../../arm-none-eabi/lib/thumb/v7e-m\libc.a(lib_a-__call_atexit.o)
                              c:/program files (x86)/atmel/studio/7.0/toolchain/arm/arm-gnu-toolchain/bin/../lib/gcc/arm-none-eabi/6.3.1/../../../../arm-none-eabi/lib/thumb/v7e-m\libc.a(lib_a-exit.o) (__call_exitprocs)
c:/program files (x86)/atmel/studio/7.0/toolchain/arm/arm-gnu-toolchain/bin/../lib/gcc/arm-none-eabi/6.3.1/../../../../arm-none-eabi/lib/thumb/v7e-m\libc.a(lib_a-atexit.o)
                              c:/program files (x86)/atmel/studio/7.0/toolchain/arm/arm-gnu-toolchain/bin/../lib/gcc/arm-none-eabi/6.3.1/../../../../arm-none-eabi/lib/thumb/v7e-m\libc.a(lib_a-__call_atexit.o) (atexit)
c:/program files (x86)/atmel/studio/7.0/toolchain/arm/arm-gnu-toolchain/bin/../lib/gcc/arm-none-eabi/6.3.1/../../../../arm-none-eabi/lib/thumb/v7e-m\libc.a(lib_a-fini.o)
                              c:/program files (x86)/atmel/studio/7.0/toolchain/arm/arm-gnu-toolchain/bin/../lib/gcc/arm-none-eabi/6.3.1/../../../../arm-none-eabi/lib/thumb/v7e-m\libc.a(lib_a-__call_atexit.o) (__libc_fini_array)
c:/program files (x86)/atmel/studio/7.0/toolchain/arm/arm-gnu-toolchain/bin/../lib/gcc/arm-none-eabi/6.3.1/../../../../arm-none-eabi/lib/thumb/v7e-m\libc.a(lib_a-lock.o)
                              c:/program files (x86)/atmel/studio/7.0/toolchain/arm/arm-gnu-toolchain/bin/../lib/gcc/arm-none-eabi/6.3.1/../../../../arm-none-eabi/lib/thumb/v7e-m\libc.a(lib_a-__call_atexit.o) (__retarget_lock_acquire_recursive)
c:/program files (x86)/atmel/studio/7.0/toolchain/arm/arm-gnu-toolchain/bin/../lib/gcc/arm-none-eabi/6.3.1/../../../../arm-none-eabi/lib/thumb/v7e-m\libc.a(lib_a-__atexit.o)
                              c:/program files (x86)/atmel/studio/7.0/toolchain/arm/arm-gnu-toolchain/bin/../lib/gcc/arm-none-eabi/6.3.1/../../../../arm-none-eabi/lib/thumb/v7e-m\libc.a(lib_a-atexit.o) (__register_exitproc)

Allocating common symbols
Common symbol       size              file

__lock___atexit_recursive_mutex
                    0x1               c:/program files (x86)/atmel/studio/7.0/toolchain/arm/arm-gnu-toolchain/bin/../lib/gcc/arm-none-eabi/6.3.1/../../../../arm-none-eabi/lib/thumb/v7e-m\libc.a(lib_a-lock.o)
__lock___arc4random_mutex
                    0x1               c:/program files (x86)/atmel/studio/7.0/toolchain/arm/arm-gnu-toolchain/bin/../lib/gcc/arm-none-eabi/6.3.1/../../../../arm-none-eabi/lib/thumb/v7e-m\libc.a(lib_a-lock.o)
[...]
Memory Configuration

Name             Origin             Length             Attributes
rom              0x00400000         0x00200000         xr
ram              0x20400000         0x00060000         xrw
*default*        0x00000000         0xffffffff

Linker script and memory map

LOAD c:/program files (x86)/atmel/studio/7.0/toolchain/arm/arm-gnu-toolchain/bin/../lib/gcc/arm-none-eabi/6.3.1/thumb/v7e-m/crti.o
LOAD c:/program files (x86)/atmel/studio/7.0/toolchain/arm/arm-gnu-toolchain/bin/../lib/gcc/arm-none-eabi/6.3.1/thumb/v7e-m/crtbegin.o
LOAD c:/program files (x86)/atmel/studio/7.0/toolchain/arm/arm-gnu-toolchain/bin/../lib/gcc/arm-none-eabi/6.3.1/../../../../arm-none-eabi/lib/thumb/v7e-m/crt0.o
LOAD src/function.o
LOAD src/ASF/common/services/clock/same70/sysclk.o
LOAD src/ASF/common/services/delay/sam/cycle_counter.o
LOAD src/ASF/common/utils/interrupt/interrupt_sam_nvic.o
LOAD src/ASF/sam/drivers/mpu/mpu.o
LOAD src/ASF/sam/drivers/pio/pio.o
LOAD src/ASF/sam/drivers/pio/pio_handler.o
LOAD src/ASF/sam/drivers/pmc/pmc.o
LOAD src/ASF/sam/drivers/pmc/sleep.o
LOAD src/ASF/sam/utils/cmsis/same70/source/templates/gcc/startup_same70.o
LOAD src/ASF/sam/utils/cmsis/same70/source/templates/system_same70.o
LOAD src/ASF/sam/utils/syscalls/gcc/syscalls.o
LOAD src/main.o
START GROUP
LOAD ../src/ASF/thirdparty/CMSIS/Lib/GCC\libarm_cortexM7lfsp_math_softfp.a
LOAD c:/program files (x86)/atmel/studio/7.0/toolchain/arm/arm-gnu-toolchain/bin/../lib/gcc/arm-none-eabi/6.3.1/../../../../arm-none-eabi/lib/thumb/v7e-m\libm.a
END GROUP
START GROUP
LOAD c:/program files (x86)/atmel/studio/7.0/toolchain/arm/arm-gnu-toolchain/bin/../lib/gcc/arm-none-eabi/6.3.1/thumb/v7e-m\libgcc.a
LOAD c:/program files (x86)/atmel/studio/7.0/toolchain/arm/arm-gnu-toolchain/bin/../lib/gcc/arm-none-eabi/6.3.1/../../../../arm-none-eabi/lib/thumb/v7e-m\libc.a
END GROUP
LOAD c:/program files (x86)/atmel/studio/7.0/toolchain/arm/arm-gnu-toolchain/bin/../lib/gcc/arm-none-eabi/6.3.1/thumb/v7e-m/crtend.o
LOAD c:/program files (x86)/atmel/studio/7.0/toolchain/arm/arm-gnu-toolchain/bin/../lib/gcc/arm-none-eabi/6.3.1/thumb/v7e-m/crtn.o
                0x00002000                STACK_SIZE = DEFINED (STACK_SIZE)?STACK_SIZE:0x2000
                0x2045fffc                __ram_end__ = ((ORIGIN (ram) + LENGTH (ram)) - 0x4)
                0x00000200                HEAP_SIZE = DEFINED (HEAP_SIZE)?HEAP_SIZE:0x200

.text           0x00400000     0x25bc
                0x00400000                . = ALIGN (0x4)
                0x00400000                _sfixed = .
 *(.vectors .vectors.*)
 .vectors       0x00400000      0x140 src/ASF/sam/utils/cmsis/same70/source/templates/gcc/startup_same70.o
                0x00400000                exception_table
 *(.text .text.* .gnu.linkonce.t.*)
 .text          0x00400140       0x6c c:/program files (x86)/atmel/studio/7.0/toolchain/arm/arm-gnu-toolchain/bin/../lib/gcc/arm-none-eabi/6.3.1/thumb/v7e-m/crtbegin.o
 .text.osc_get_rate
                0x004001ac       0x74 src/function.o
 .text.sysclk_get_main_hz
                0x00400220       0x20 src/function.o
 .text.sysclk_get_cpu_hz
                0x00400240       0x14 src/function.o
 .text.pause    0x00400254       0xac src/function.o
                0x00400254                pause
 .text.sing     0x00400300      0x28c src/function.o
                0x00400300                sing
 .text.osc_enable
                0x0040058c       0x88 src/ASF/common/services/clock/same70/sysclk.o
 .text.osc_is_ready
                0x00400614       0x70 src/ASF/common/services/clock/same70/sysclk.o
 .text.osc_get_rate
                0x00400684       0x74 src/ASF/common/services/clock/same70/sysclk.o
 .text.osc_wait_ready
                0x004006f8       0x2c src/ASF/common/services/clock/same70/sysclk.o
 .text.pll_config_init
                0x00400724       0x6c src/ASF/common/services/clock/same70/sysclk.o
 .text.pll_enable
                0x00400790       0x40 src/ASF/common/services/clock/same70/sysclk.o
 .text.pll_is_locked
                0x004007d0       0x2c src/ASF/common/services/clock/same70/sysclk.o
 .text.pll_enable_source
                0x004007fc       0x38 src/ASF/common/services/clock/same70/sysclk.o
 .text.pll_wait_for_lock
                0x00400834       0x24 src/ASF/common/services/clock/same70/sysclk.o
 .text.sysclk_get_main_hz
                0x00400858       0x20 src/ASF/common/services/clock/same70/sysclk.o
 .text.sysclk_get_cpu_hz
                0x00400878       0x14 src/ASF/common/services/clock/same70/sysclk.o
 .text.sysclk_init
                0x0040088c       0x7c src/ASF/common/services/clock/same70/sysclk.o
                0x0040088c                sysclk_init
 .text.pio_pull_up
                0x00400908       0x2c src/ASF/sam/drivers/pio/pio.o
                0x00400908                pio_pull_up
 .text.pio_set  0x00400934       0x1c src/ASF/sam/drivers/pio/pio.o
                0x00400934                pio_set
 .text.pio_clear
                0x00400950       0x1c src/ASF/sam/drivers/pio/pio.o
                0x00400950                pio_clear
 .text.pio_get  0x0040096c       0x46 src/ASF/sam/drivers/pio/pio.o
                0x0040096c                pio_get
 .text.pio_set_peripheral
                0x004009b2      0x110 src/ASF/sam/drivers/pio/pio.o
                0x004009b2                pio_set_peripheral
 *fill*         0x00400ac2        0x2 
 .text.pio_set_input
                0x00400ac4       0x80 src/ASF/sam/drivers/pio/pio.o
                0x00400ac4                pio_set_input
 .text.pio_set_output
                0x00400b44       0x64 src/ASF/sam/drivers/pio/pio.o
                0x00400b44                pio_set_output
 .text.pio_configure
                0x00400ba8       0xcc src/ASF/sam/drivers/pio/pio.o
                0x00400ba8                pio_configure
 .text.pio_configure_interrupt
                0x00400c74       0x6c src/ASF/sam/drivers/pio/pio.o
                0x00400c74                pio_configure_interrupt
 .text.pio_enable_interrupt
                0x00400ce0       0x1c src/ASF/sam/drivers/pio/pio.o
                0x00400ce0                pio_enable_interrupt
 .text.pio_disable_interrupt
                0x00400cfc       0x1c src/ASF/sam/drivers/pio/pio.o
                0x00400cfc                pio_disable_interrupt
 .text.pio_get_interrupt_status
                0x00400d18       0x18 src/ASF/sam/drivers/pio/pio.o
                0x00400d18                pio_get_interrupt_status
 .text.pio_get_interrupt_mask
                0x00400d30       0x18 src/ASF/sam/drivers/pio/pio.o
                0x00400d30                pio_get_interrupt_mask
 .text.pio_handler_process
                0x00400d48       0xb4 src/ASF/sam/drivers/pio/pio_handler.o
                0x00400d48                pio_handler_process
 .text.pio_handler_set
                0x00400dfc       0xa0 src/ASF/sam/drivers/pio/pio_handler.o
                0x00400dfc                pio_handler_set
 .text.PIOA_Handler
                0x00400e9c       0x18 src/ASF/sam/drivers/pio/pio_handler.o
                0x00400e9c                PIOA_Handler
 .text.PIOB_Handler
                0x00400eb4       0x18 src/ASF/sam/drivers/pio/pio_handler.o
                0x00400eb4                PIOB_Handler
 .text.PIOC_Handler
                0x00400ecc       0x18 src/ASF/sam/drivers/pio/pio_handler.o
                0x00400ecc                PIOC_Handler
 .text.PIOD_Handler
                0x00400ee4       0x18 src/ASF/sam/drivers/pio/pio_handler.o
                0x00400ee4                PIOD_Handler
 .text.PIOE_Handler
                0x00400efc       0x18 src/ASF/sam/drivers/pio/pio_handler.o
                0x00400efc                PIOE_Handler
 .text.pmc_mck_set_division
                0x00400f14       0x7c src/ASF/sam/drivers/pmc/pmc.o
                0x00400f14                pmc_mck_set_division
 .text.pmc_switch_mck_to_pllack
                0x00400f90       0x84 src/ASF/sam/drivers/pmc/pmc.o
                0x00400f90                pmc_switch_mck_to_pllack
 .text.pmc_switch_sclk_to_32kxtal
                0x00401014       0x38 src/ASF/sam/drivers/pmc/pmc.o
                0x00401014                pmc_switch_sclk_to_32kxtal
 .text.pmc_osc_is_ready_32kxtal
                0x0040104c       0x34 src/ASF/sam/drivers/pmc/pmc.o
                0x0040104c                pmc_osc_is_ready_32kxtal
 .text.pmc_switch_mainck_to_fastrc
                0x00401080       0x70 src/ASF/sam/drivers/pmc/pmc.o
                0x00401080                pmc_switch_mainck_to_fastrc
 .text.pmc_switch_mainck_to_xtal
                0x004010f0       0x78 src/ASF/sam/drivers/pmc/pmc.o
                0x004010f0                pmc_switch_mainck_to_xtal
 .text.pmc_osc_is_ready_mainck
                0x00401168       0x1c src/ASF/sam/drivers/pmc/pmc.o
                0x00401168                pmc_osc_is_ready_mainck
 .text.pmc_disable_pllack
                0x00401184       0x1c src/ASF/sam/drivers/pmc/pmc.o
                0x00401184                pmc_disable_pllack
 .text.pmc_is_locked_pllack
                0x004011a0       0x1c src/ASF/sam/drivers/pmc/pmc.o
                0x004011a0                pmc_is_locked_pllack
 .text.pmc_is_locked_upll
                0x004011bc       0x1c src/ASF/sam/drivers/pmc/pmc.o
                0x004011bc                pmc_is_locked_upll
 .text.pmc_enable_periph_clk
                0x004011d8       0x84 src/ASF/sam/drivers/pmc/pmc.o
                0x004011d8                pmc_enable_periph_clk
 .text.pmc_set_flash_in_wait_mode
                0x0040125c       0x20 src/ASF/sam/drivers/pmc/pmc.o
                0x0040125c                pmc_set_flash_in_wait_mode
 .text.pmc_enable_waitmode
                0x0040127c       0x90 src/ASF/sam/drivers/pmc/pmc.o
                0x0040127c                pmc_enable_waitmode
 .text.pmc_sleep
                0x0040130c      0x394 src/ASF/sam/drivers/pmc/sleep.o
                0x0040130c                pmc_sleep
 .text.cpu_irq_save
                0x004016a0       0x38 src/ASF/sam/utils/cmsis/same70/source/templates/gcc/startup_same70.o
 .text.cpu_irq_is_enabled_flags
                0x004016d8       0x20 src/ASF/sam/utils/cmsis/same70/source/templates/gcc/startup_same70.o
 .text.cpu_irq_restore
                0x004016f8       0x30 src/ASF/sam/utils/cmsis/same70/source/templates/gcc/startup_same70.o
 .text.Reset_Handler
                0x00401728       0xb0 src/ASF/sam/utils/cmsis/same70/source/templates/gcc/startup_same70.o
                0x00401728                Reset_Handler
 .text.Dummy_Handler
                0x004017d8        0x6 src/ASF/sam/utils/cmsis/same70/source/templates/gcc/startup_same70.o
                0x004017d8                DACC_Handler
                0x004017d8                DebugMon_Handler
                0x004017d8                UART3_Handler
                0x004017d8                UART2_Handler
                0x004017d8                TRNG_Handler
                0x004017d8                HardFault_Handler
                0x004017d8                TC2_Handler
                0x004017d8                SysTick_Handler
                0x004017d8                AFEC1_Handler
                0x004017d8                PendSV_Handler
                0x004017d8                NMI_Handler
                0x004017d8                TC7_Handler
                0x004017d8                QSPI_Handler
                0x004017d8                ISI_Handler
                0x004017d8                TC9_Handler
                0x004017d8                RSWDT_Handler
                0x004017d8                MCAN1_Handler
                0x004017d8                USART0_Handler
                0x004017d8                RTT_Handler
                0x004017d8                USBHS_Handler
                0x004017d8                RTC_Handler
                0x004017d8                UsageFault_Handler
                0x004017d8                TC6_Handler
                0x004017d8                WDT_Handler
                0x004017d8                TC4_Handler
                0x004017d8                TC1_Handler
                0x004017d8                HSMCI_Handler
                0x004017d8                UART1_Handler
                0x004017d8                TC3_Handler
                0x004017d8                Dummy_Handler
                0x004017d8                TWIHS1_Handler
                0x004017d8                XDMAC_Handler
                0x004017d8                UART4_Handler
                0x004017d8                PWM1_Handler
                0x004017d8                USART1_Handler
                0x004017d8                PWM0_Handler
                0x004017d8                AFEC0_Handler
                0x004017d8                TC11_Handler
                0x004017d8                SSC_Handler
                0x004017d8                ACC_Handler
                0x004017d8                PMC_Handler
                0x004017d8                GMAC_Handler
                0x004017d8                MemManage_Handler
                0x004017d8                SUPC_Handler
                0x004017d8                SVC_Handler
                0x004017d8                TC8_Handler
                0x004017d8                EFC_Handler
                0x004017d8                USART2_Handler
                0x004017d8                SDRAMC_Handler
                0x004017d8                SPI1_Handler
                0x004017d8                MCAN0_Handler
                0x004017d8                TC10_Handler
                0x004017d8                TWIHS2_Handler
                0x004017d8                UART0_Handler
                0x004017d8                BusFault_Handler
                0x004017d8                RSTC_Handler
                0x004017d8                TC0_Handler
                0x004017d8                TC5_Handler
                0x004017d8                AES_Handler
                0x004017d8                ICM_Handler
                0x004017d8                TWIHS0_Handler
                0x004017d8                SPI0_Handler
 *fill*         0x004017de        0x2 
 .text.SystemCoreClockUpdate
                0x004017e0      0x168 src/ASF/sam/utils/cmsis/same70/source/templates/system_same70.o
                0x004017e0                SystemCoreClockUpdate
 .text.system_init_flash
                0x00401948       0x98 src/ASF/sam/utils/cmsis/same70/source/templates/system_same70.o
                0x00401948                system_init_flash
 .text.NVIC_EnableIRQ
                0x004019e0       0x34 src/main.o
 .text.NVIC_SetPriority
                0x00401a14       0x54 src/main.o
 .text.osc_get_rate
                0x00401a68       0x74 src/main.o
 .text.sysclk_get_main_hz
                0x00401adc       0x20 src/main.o
 .text.sysclk_get_cpu_hz
                0x00401afc       0x14 src/main.o
 .text.but1_callback
                0x00401b10       0x18 src/main.o
                0x00401b10                but1_callback
 .text.but2_callback
                0x00401b28       0x18 src/main.o
                0x00401b28                but2_callback
 .text.but3_callback
                0x00401b40       0x18 src/main.o
                0x00401b40                but3_callback
 .text.init     0x00401b58      0x170 src/main.o
                0x00401b58                init
 .text.main     0x00401cc8      0x44c src/main.o
                0x00401cc8                main
 .text          0x00402114       0x30 c:/program files (x86)/atmel/studio/7.0/toolchain/arm/arm-gnu-toolchain/bin/../lib/gcc/arm-none-eabi/6.3.1/thumb/v7e-m\libgcc.a(_aeabi_uldivmod.o)
                0x00402114                __aeabi_uldivmod
 .text          0x00402144      0x2dc c:/program files (x86)/atmel/studio/7.0/toolchain/arm/arm-gnu-toolchain/bin/../lib/gcc/arm-none-eabi/6.3.1/thumb/v7e-m\libgcc.a(_udivmoddi4.o)
                0x00402144                __udivmoddi4
 .text          0x00402420        0x4 c:/program files (x86)/atmel/studio/7.0/toolchain/arm/arm-gnu-toolchain/bin/../lib/gcc/arm-none-eabi/6.3.1/thumb/v7e-m\libgcc.a(_dvmd_tls.o)
                0x00402420                __aeabi_idiv0
                0x00402420                __aeabi_ldiv0
 .text.__libc_init_array
                0x00402424       0x50 c:/program files (x86)/atmel/studio/7.0/toolchain/arm/arm-gnu-toolchain/bin/../lib/gcc/arm-none-eabi/6.3.1/../../../../arm-none-eabi/lib/thumb/v7e-m\libc.a(lib_a-init.o)
                0x00402424                __libc_init_array
 .text.startup.register_fini
                0x00402474       0x14 c:/program files (x86)/atmel/studio/7.0/toolchain/arm/arm-gnu-toolchain/bin/../lib/gcc/arm-none-eabi/6.3.1/../../../../arm-none-eabi/lib/thumb/v7e-m\libc.a(lib_a-__call_atexit.o)
 .text.atexit   0x00402488        0xc c:/program files (x86)/atmel/studio/7.0/toolchain/arm/arm-gnu-toolchain/bin/../lib/gcc/arm-none-eabi/6.3.1/../../../../arm-none-eabi/lib/thumb/v7e-m\libc.a(lib_a-atexit.o)
                0x00402488                atexit
 .text.__libc_fini_array
                0x00402494       0x34 c:/program files (x86)/atmel/studio/7.0/toolchain/arm/arm-gnu-toolchain/bin/../lib/gcc/arm-none-eabi/6.3.1/../../../../arm-none-eabi/lib/thumb/v7e-m\libc.a(lib_a-fini.o)
                0x00402494                __libc_fini_array
 .text.__retarget_lock_acquire_recursive
                0x004024c8        0x4 c:/program files (x86)/atmel/studio/7.0/toolchain/arm/arm-gnu-toolchain/bin/../lib/gcc/arm-none-eabi/6.3.1/../../../../arm-none-eabi/lib/thumb/v7e-m\libc.a(lib_a-lock.o)
                0x004024c8                __retarget_lock_acquire_recursive
 .text.__retarget_lock_release_recursive
                0x004024cc        0x4 c:/program files (x86)/atmel/studio/7.0/toolchain/arm/arm-gnu-toolchain/bin/../lib/gcc/arm-none-eabi/6.3.1/../../../../arm-none-eabi/lib/thumb/v7e-m\libc.a(lib_a-lock.o)
                0x004024cc                __retarget_lock_release_recursive
 .text.__register_exitproc
                0x004024d0       0xc4 c:/program files (x86)/atmel/studio/7.0/toolchain/arm/arm-gnu-toolchain/bin/../lib/gcc/arm-none-eabi/6.3.1/../../../../arm-none-eabi/lib/thumb/v7e-m\libc.a(lib_a-__atexit.o)
                0x004024d0                __register_exitproc
 *(.glue_7t)
 .glue_7t       0x00402594        0x0 linker stubs
 *(.glue_7)
 .glue_7        0x00402594        0x0 linker stubs
 *(.rodata .rodata* .gnu.linkonce.r.*)
 .rodata._global_impure_ptr
                0x00402594        0x4 c:/program files (x86)/atmel/studio/7.0/toolchain/arm/arm-gnu-toolchain/bin/../lib/gcc/arm-none-eabi/6.3.1/../../../../arm-none-eabi/lib/thumb/v7e-m\libc.a(lib_a-impure.o)
                0x00402594                _global_impure_ptr
 *(.ARM.extab* .gnu.linkonce.armextab.*)
                0x00402598                . = ALIGN (0x4)
 *(.init)
 .init          0x00402598        0x4 c:/program files (x86)/atmel/studio/7.0/toolchain/arm/arm-gnu-toolchain/bin/../lib/gcc/arm-none-eabi/6.3.1/thumb/v7e-m/crti.o
                0x00402598                _init
 .init          0x0040259c        0x8 c:/program files (x86)/atmel/studio/7.0/toolchain/arm/arm-gnu-toolchain/bin/../lib/gcc/arm-none-eabi/6.3.1/thumb/v7e-m/crtn.o
                0x004025a4                . = ALIGN (0x4)
                0x004025a4                __preinit_array_start = .
 *(.preinit_array)
                0x004025a4                __preinit_array_end = .
                0x004025a4                . = ALIGN (0x4)
                0x004025a4                __init_array_start = .
 *(SORT(.init_array.*))
 .init_array.00000
                0x004025a4        0x4 c:/program files (x86)/atmel/studio/7.0/toolchain/arm/arm-gnu-toolchain/bin/../lib/gcc/arm-none-eabi/6.3.1/../../../../arm-none-eabi/lib/thumb/v7e-m\libc.a(lib_a-__call_atexit.o)
 *(.init_array)
 .init_array    0x004025a8        0x4 c:/program files (x86)/atmel/studio/7.0/toolchain/arm/arm-gnu-toolchain/bin/../lib/gcc/arm-none-eabi/6.3.1/thumb/v7e-m/crtbegin.o
                0x004025ac                __init_array_end = .
                0x004025ac                . = ALIGN (0x4)
 *crtbegin.o(.ctors)
 *(EXCLUDE_FILE(*crtend.o) .ctors)
 *(SORT(.ctors.*))
 *crtend.o(.ctors)
                0x004025ac                . = ALIGN (0x4)
 *(.fini)
 .fini          0x004025ac        0x4 c:/program files (x86)/atmel/studio/7.0/toolchain/arm/arm-gnu-toolchain/bin/../lib/gcc/arm-none-eabi/6.3.1/thumb/v7e-m/crti.o
                0x004025ac                _fini
 .fini          0x004025b0        0x8 c:/program files (x86)/atmel/studio/7.0/toolchain/arm/arm-gnu-toolchain/bin/../lib/gcc/arm-none-eabi/6.3.1/thumb/v7e-m/crtn.o
                0x004025b8                . = ALIGN (0x4)
                0x004025b8                __fini_array_start = .
 *(.fini_array)
 .fini_array    0x004025b8        0x4 c:/program files (x86)/atmel/studio/7.0/toolchain/arm/arm-gnu-toolchain/bin/../lib/gcc/arm-none-eabi/6.3.1/thumb/v7e-m/crtbegin.o
 *(SORT(.fini_array.*))
                0x004025bc                __fini_array_end = .
 *crtbegin.o(.dtors)
 *(EXCLUDE_FILE(*crtend.o) .dtors)
 *(SORT(.dtors.*))
 *crtend.o(.dtors)
                0x004025bc                . = ALIGN (0x4)
                0x004025bc                _efixed = .
                [!provide]                PROVIDE (__exidx_start, .)

.vfp11_veneer   0x004025bc        0x0
 .vfp11_veneer  0x004025bc        0x0 linker stubs

.v4_bx          0x004025bc        0x0
 .v4_bx         0x004025bc        0x0 linker stubs

.iplt           0x004025bc        0x0
 .iplt          0x004025bc        0x0 c:/program files (x86)/atmel/studio/7.0/toolchain/arm/arm-gnu-toolchain/bin/../lib/gcc/arm-none-eabi/6.3.1/thumb/v7e-m/crtbegin.o

.ARM.exidx      0x004025bc        0x8
 *(.ARM.exidx* .gnu.linkonce.armexidx.*)
 .ARM.exidx     0x004025bc        0x8 c:/program files (x86)/atmel/studio/7.0/toolchain/arm/arm-gnu-toolchain/bin/../lib/gcc/arm-none-eabi/6.3.1/thumb/v7e-m\libgcc.a(_udivmoddi4.o)
                [!provide]                PROVIDE (__exidx_end, .)

.eh_frame       0x004025c4        0x0
 .eh_frame      0x004025c4        0x0 c:/program files (x86)/atmel/studio/7.0/toolchain/arm/arm-gnu-toolchain/bin/../lib/gcc/arm-none-eabi/6.3.1/thumb/v7e-m/crtbegin.o

.rel.dyn        0x004025c4        0x0
 .rel.iplt      0x004025c4        0x0 c:/program files (x86)/atmel/studio/7.0/toolchain/arm/arm-gnu-toolchain/bin/../lib/gcc/arm-none-eabi/6.3.1/thumb/v7e-m/crtbegin.o

.jcr            0x004025c4        0x0
 .jcr           0x004025c4        0x0 c:/program files (x86)/atmel/studio/7.0/toolchain/arm/arm-gnu-toolchain/bin/../lib/gcc/arm-none-eabi/6.3.1/thumb/v7e-m/crtbegin.o

.igot.plt       0x004025c4        0x0
 .igot.plt      0x004025c4        0x0 c:/program files (x86)/atmel/studio/7.0/toolchain/arm/arm-gnu-toolchain/bin/../lib/gcc/arm-none-eabi/6.3.1/thumb/v7e-m/crtbegin.o
                0x004025c4                . = ALIGN (0x4)
                0x004025c4                _etext = .

.relocate       0x20400000      0xf6c load address 0x004025c4
                0x20400000                . = ALIGN (0x4)
                0x20400000                _srelocate = .
 *(.ramfunc .ramfunc.*)
 .ramfunc       0x20400000        0xa src/ASF/common/services/delay/sam/cycle_counter.o
                0x20400000                portable_delay_cycles
 *(.data .data.*)
 .data.g_interrupt_enabled
                0x2040000a        0x1 src/ASF/common/utils/interrupt/interrupt_sam_nvic.o
                0x2040000a                g_interrupt_enabled
 *fill*         0x2040000b        0x1 
 .data.ul_flash_in_wait_mode
                0x2040000c        0x4 src/ASF/sam/drivers/pmc/pmc.o
 .data.SystemCoreClock
                0x20400010        0x4 src/ASF/sam/utils/cmsis/same70/source/templates/system_same70.o
                0x20400010                SystemCoreClock
 .data.pirate_notes
                0x20400014      0x32c src/main.o
                0x20400014                pirate_notes
 .data.pirate_tempo
                0x20400340      0x32c src/main.o
                0x20400340                pirate_tempo
 .data.mario_theme_notes
                0x2040066c      0x138 src/main.o
                0x2040066c                mario_theme_notes
 .data.mario_theme_tempo
                0x204007a4      0x138 src/main.o
                0x204007a4                mario_theme_tempo
 .data.underworld_melody
                0x204008dc       0xe0 src/main.o
                0x204008dc                underworld_melody
 .data.underworld_tempo
                0x204009bc       0xe0 src/main.o
                0x204009bc                underworld_tempo
 .data.imperial_march_notes
                0x20400a9c       0x50 src/main.o
                0x20400a9c                imperial_march_notes
 .data.imperial_march_tempo
                0x20400aec       0x50 src/main.o
                0x20400aec                imperial_march_tempo
 *fill*         0x20400b3c        0x4 
 .data.impure_data
                0x20400b40      0x428 c:/program files (x86)/atmel/studio/7.0/toolchain/arm/arm-gnu-toolchain/bin/../lib/gcc/arm-none-eabi/6.3.1/../../../../arm-none-eabi/lib/thumb/v7e-m\libc.a(lib_a-impure.o)
 .data.__atexit_recursive_mutex
                0x20400f68        0x4 c:/program files (x86)/atmel/studio/7.0/toolchain/arm/arm-gnu-toolchain/bin/../lib/gcc/arm-none-eabi/6.3.1/../../../../arm-none-eabi/lib/thumb/v7e-m\libc.a(lib_a-__call_atexit.o)
                0x20400f68                __atexit_recursive_mutex
                0x20400f6c                . = ALIGN (0x4)
                0x20400f6c                _erelocate = .

.bss            0x20400f6c       0xc0 load address 0x00403530
                0x20400f6c                . = ALIGN (0x4)
                0x20400f6c                _sbss = .
                0x20400f6c                _szero = .
 *(.bss .bss.*)
 .bss           0x20400f6c       0x1c c:/program files (x86)/atmel/studio/7.0/toolchain/arm/arm-gnu-toolchain/bin/../lib/gcc/arm-none-eabi/6.3.1/thumb/v7e-m/crtbegin.o
 .bss.gs_interrupt_sources
                0x20400f88       0x70 src/ASF/sam/drivers/pio/pio_handler.o
 .bss.gs_ul_nb_sources
                0x20400ff8        0x4 src/ASF/sam/drivers/pio/pio_handler.o
 .bss.b_is_sleep_clock_used
                0x20400ffc        0x1 src/ASF/sam/drivers/pmc/sleep.o
 *fill*         0x20400ffd        0x3 
 .bss.callback_clocks_restored
                0x20401000        0x4 src/ASF/sam/drivers/pmc/sleep.o
 .bss.but1_flag
                0x20401004        0x1 src/main.o
                0x20401004                but1_flag
 .bss.but2_flag
                0x20401005        0x1 src/main.o
                0x20401005                but2_flag
 .bss.but3_flag
                0x20401006        0x1 src/main.o
                0x20401006                but3_flag
 *(COMMON)
 *fill*         0x20401007        0x1 
 COMMON         0x20401008       0x21 c:/program files (x86)/atmel/studio/7.0/toolchain/arm/arm-gnu-toolchain/bin/../lib/gcc/arm-none-eabi/6.3.1/../../../../arm-none-eabi/lib/thumb/v7e-m\libc.a(lib_a-lock.o)
                0x20401008                __lock___atexit_recursive_mutex
                0x2040100c                __lock___arc4random_mutex
                0x20401010                __lock___env_recursive_mutex
                0x20401014                __lock___sinit_recursive_mutex
                0x20401018                __lock___malloc_recursive_mutex
                0x2040101c                __lock___at_quick_exit_mutex
                0x20401020                __lock___dd_hash_mutex
                0x20401024                __lock___tz_mutex
                0x20401028                __lock___sfp_recursive_mutex
                0x2040102c                . = ALIGN (0x4)
 *fill*         0x20401029        0x3 
                0x2040102c                _ebss = .
                0x2040102c                _ezero = .

.stack          0x2040102c     0x2004 load address 0x004035f0
                0x20401030                . = ALIGN (0x8)
 *fill*         0x2040102c        0x4 
                0x20401030                _sstack = .
                0x20403030                . = (. + STACK_SIZE)
 *fill*         0x20401030     0x2000 
                0x20403030                . = ALIGN (0x8)
                0x20403030                _estack = .

.heap           0x20403030      0x200 load address 0x004055f4
                0x20403030                . = ALIGN (0x8)
                0x20403030                _sheap = .
                0x20403230                . = (. + HEAP_SIZE)
 *fill*         0x20403030      0x200 
                0x20403230                . = ALIGN (0x8)
                0x20403230                _eheap = .
                0x20403230                . = ALIGN (0x4)
                0x20403230                _end = .
                0x2045ffff                _ram_end_ = ((ORIGIN (ram) + LENGTH (ram)) - 0x1)
OUTPUT(SAME70.elf elf32-littlearm)

.ARM.attributes
                0x00000000       0x2e
 .ARM.attributes
                0x00000000       0x1e c:/program files (x86)/atmel/studio/7.0/toolchain/arm/arm-gnu-toolchain/bin/../lib/gcc/arm-none-eabi/6.3.1/thumb/v7e-m/crti.o
 .ARM.attributes
                0x0000001e       0x2e c:/program files (x86)/atmel/studio/7.0/toolchain/arm/arm-gnu-toolchain/bin/../lib/gcc/arm-none-eabi/6.3.1/thumb/v7e-m/crtbegin.o
 .ARM.attributes
                0x0000004c       0x37 src/function.o
 .ARM.attributes
                0x00000083       0x37 src/ASF/common/services/clock/same70/sysclk.o
 .ARM.attributes
                0x000000ba       0x37 src/ASF/common/services/delay/sam/cycle_counter.o
 .ARM.attributes
                0x000000f1       0x37 src/ASF/common/utils/interrupt/interrupt_sam_nvic.o
 .ARM.attributes
                0x00000128       0x37 src/ASF/sam/drivers/pio/pio.o
 .ARM.attributes
                0x0000015f       0x37 src/ASF/sam/drivers/pio/pio_handler.o
 .ARM.attributes
                0x00000196       0x37 src/ASF/sam/drivers/pmc/pmc.o
 .ARM.attributes
                0x000001cd       0x37 src/ASF/sam/drivers/pmc/sleep.o
 .ARM.attributes
                0x00000204       0x37 src/ASF/sam/utils/cmsis/same70/source/templates/gcc/startup_same70.o
 .ARM.attributes
                0x0000023b       0x37 src/ASF/sam/utils/cmsis/same70/source/templates/system_same70.o
 .ARM.attributes
                0x00000272       0x37 src/main.o
 .ARM.attributes
                0x000002a9       0x1e c:/program files (x86)/atmel/studio/7.0/toolchain/arm/arm-gnu-toolchain/bin/../lib/gcc/arm-none-eabi/6.3.1/thumb/v7e-m\libgcc.a(_aeabi_uldivmod.o)
 .ARM.attributes
                0x000002c7       0x2e c:/program files (x86)/atmel/studio/7.0/toolchain/arm/arm-gnu-toolchain/bin/../lib/gcc/arm-none-eabi/6.3.1/thumb/v7e-m\libgcc.a(_udivmoddi4.o)
 .ARM.attributes
                0x000002f5       0x1e c:/program files (x86)/atmel/studio/7.0/toolchain/arm/arm-gnu-toolchain/bin/../lib/gcc/arm-none-eabi/6.3.1/thumb/v7e-m\libgcc.a(_dvmd_tls.o)
 .ARM.attributes
                0x00000313       0x2e c:/program files (x86)/atmel/studio/7.0/toolchain/arm/arm-gnu-toolchain/bin/../lib/gcc/arm-none-eabi/6.3.1/../../../../arm-none-eabi/lib/thumb/v7e-m\libc.a(lib_a-impure.o)
 .ARM.attributes
                0x00000341       0x2e c:/program files (x86)/atmel/studio/7.0/toolchain/arm/arm-gnu-toolchain/bin/../lib/gcc/arm-none-eabi/6.3.1/../../../../arm-none-eabi/lib/thumb/v7e-m\libc.a(lib_a-init.o)
 .ARM.attributes
                0x0000036f       0x2e c:/program files (x86)/atmel/studio/7.0/toolchain/arm/arm-gnu-toolchain/bin/../lib/gcc/arm-none-eabi/6.3.1/../../../../arm-none-eabi/lib/thumb/v7e-m\libc.a(lib_a-__call_atexit.o)
 .ARM.attributes
                0x0000039d       0x2e c:/program files (x86)/atmel/studio/7.0/toolchain/arm/arm-gnu-toolchain/bin/../lib/gcc/arm-none-eabi/6.3.1/../../../../arm-none-eabi/lib/thumb/v7e-m\libc.a(lib_a-atexit.o)
 .ARM.attributes
                0x000003cb       0x2e c:/program files (x86)/atmel/studio/7.0/toolchain/arm/arm-gnu-toolchain/bin/../lib/gcc/arm-none-eabi/6.3.1/../../../../arm-none-eabi/lib/thumb/v7e-m\libc.a(lib_a-fini.o)
 .ARM.attributes
                0x000003f9       0x2e c:/program files (x86)/atmel/studio/7.0/toolchain/arm/arm-gnu-toolchain/bin/../lib/gcc/arm-none-eabi/6.3.1/../../../../arm-none-eabi/lib/thumb/v7e-m\libc.a(lib_a-lock.o)
 .ARM.attributes
                0x00000427       0x2e c:/program files (x86)/atmel/studio/7.0/toolchain/arm/arm-gnu-toolchain/bin/../lib/gcc/arm-none-eabi/6.3.1/../../../../arm-none-eabi/lib/thumb/v7e-m\libc.a(lib_a-__atexit.o)
 .ARM.attributes
                0x00000455       0x1e c:/program files (x86)/atmel/studio/7.0/toolchain/arm/arm-gnu-toolchain/bin/../lib/gcc/arm-none-eabi/6.3.1/thumb/v7e-m/crtn.o

.comment        0x00000000       0x59
 .comment       0x00000000       0x59 src/function.o
                                 0x5a (size before relaxing)
 .comment       0x00000059       0x5a src/ASF/common/services/clock/same70/sysclk.o
 .comment       0x00000059       0x5a src/ASF/common/services/delay/sam/cycle_counter.o
 .comment       0x00000059       0x5a src/ASF/common/utils/interrupt/interrupt_sam_nvic.o
 .comment       0x00000059       0x5a src/ASF/sam/drivers/pio/pio.o
 .comment       0x00000059       0x5a src/ASF/sam/drivers/pio/pio_handler.o
 .comment       0x00000059       0x5a src/ASF/sam/drivers/pmc/pmc.o
 .comment       0x00000059       0x5a src/ASF/sam/drivers/pmc/sleep.o
 .comment       0x00000059       0x5a src/ASF/sam/utils/cmsis/same70/source/templates/gcc/startup_same70.o
 .comment       0x00000059       0x5a src/ASF/sam/utils/cmsis/same70/source/templates/system_same70.o
 .comment       0x00000059       0x5a src/main.o

.debug_info     0x00000000     0xdaea
 .debug_info    0x00000000     0x1189 src/function.o
 .debug_info    0x00001189     0x12d4 src/ASF/common/services/clock/same70/sysclk.o
 .debug_info    0x0000245d      0xa45 src/ASF/common/services/delay/sam/cycle_counter.o
 .debug_info    0x00002ea2      0xb06 src/ASF/common/utils/interrupt/interrupt_sam_nvic.o
 .debug_info    0x000039a8     0x1cbf src/ASF/sam/drivers/pio/pio.o
 .debug_info    0x00005667     0x1a18 src/ASF/sam/drivers/pio/pio_handler.o
 .debug_info    0x0000707f     0x1dc0 src/ASF/sam/drivers/pmc/pmc.o
 .debug_info    0x00008e3f     0x161b src/ASF/sam/drivers/pmc/sleep.o
 .debug_info    0x0000a45a     0x157c src/ASF/sam/utils/cmsis/same70/source/templates/gcc/startup_same70.o
 .debug_info    0x0000b9d6      0x55f src/ASF/sam/utils/cmsis/same70/source/templates/system_same70.o
 .debug_info    0x0000bf35     0x1bb5 src/main.o

.debug_abbrev   0x00000000     0x1aca
 .debug_abbrev  0x00000000      0x266 src/function.o
 .debug_abbrev  0x00000266      0x296 src/ASF/common/services/clock/same70/sysclk.o
 .debug_abbrev  0x000004fc      0x1b3 src/ASF/common/services/delay/sam/cycle_counter.o
 .debug_abbrev  0x000006af      0x214 src/ASF/common/utils/interrupt/interrupt_sam_nvic.o
 .debug_abbrev  0x000008c3      0x296 src/ASF/sam/drivers/pio/pio.o
 .debug_abbrev  0x00000b59      0x2c9 src/ASF/sam/drivers/pio/pio_handler.o
 .debug_abbrev  0x00000e22      0x2c5 src/ASF/sam/drivers/pmc/pmc.o
 .debug_abbrev  0x000010e7      0x2df src/ASF/sam/drivers/pmc/sleep.o
 .debug_abbrev  0x000013c6      0x2e8 src/ASF/sam/utils/cmsis/same70/source/templates/gcc/startup_same70.o
 .debug_abbrev  0x000016ae      0x102 src/ASF/sam/utils/cmsis/same70/source/templates/system_same70.o
 .debug_abbrev  0x000017b0      0x31a src/main.o

.debug_loc      0x00000000     0x388c
 .debug_loc     0x00000000      0x130 src/function.o
 .debug_loc     0x00000130      0x4a0 src/ASF/common/services/clock/same70/sysclk.o
 .debug_loc     0x000005d0       0xa0 src/ASF/common/utils/interrupt/interrupt_sam_nvic.o
 .debug_loc     0x00000670     0x1174 src/ASF/sam/drivers/pio/pio.o
 .debug_loc     0x000017e4      0x38c src/ASF/sam/drivers/pio/pio_handler.o
 .debug_loc     0x00001b70     0x1714 src/ASF/sam/drivers/pmc/pmc.o
 .debug_loc     0x00003284       0xe6 src/ASF/sam/drivers/pmc/sleep.o
 .debug_loc     0x0000336a      0x16c src/ASF/sam/utils/cmsis/same70/source/templates/gcc/startup_same70.o
 .debug_loc     0x000034d6       0xe4 src/ASF/sam/utils/cmsis/same70/source/templates/system_same70.o
 .debug_loc     0x000035ba      0x2d2 src/main.o

.debug_aranges  0x00000000      0x6a0
 .debug_aranges
                0x00000000       0x40 src/function.o
 .debug_aranges
                0x00000040       0x98 src/ASF/common/services/clock/same70/sysclk.o
 .debug_aranges
                0x000000d8       0x20 src/ASF/common/services/delay/sam/cycle_counter.o
 .debug_aranges
                0x000000f8       0x28 src/ASF/common/utils/interrupt/interrupt_sam_nvic.o
 .debug_aranges
                0x00000120      0x1a8 src/ASF/sam/drivers/pio/pio.o
 .debug_aranges
                0x000002c8       0x80 src/ASF/sam/drivers/pio/pio_handler.o
 .debug_aranges
                0x00000348      0x250 src/ASF/sam/drivers/pmc/pmc.o
 .debug_aranges
                0x00000598       0x30 src/ASF/sam/drivers/pmc/sleep.o
 .debug_aranges
                0x000005c8       0x40 src/ASF/sam/utils/cmsis/same70/source/templates/gcc/startup_same70.o
 .debug_aranges
                0x00000608       0x30 src/ASF/sam/utils/cmsis/same70/source/templates/system_same70.o
 .debug_aranges
                0x00000638       0x68 src/main.o

.debug_ranges   0x00000000      0x5f0
 .debug_ranges  0x00000000       0x30 src/function.o
 .debug_ranges  0x00000030       0x88 src/ASF/common/services/clock/same70/sysclk.o
 .debug_ranges  0x000000b8       0x10 src/ASF/common/services/delay/sam/cycle_counter.o
 .debug_ranges  0x000000c8       0x18 src/ASF/common/utils/interrupt/interrupt_sam_nvic.o
 .debug_ranges  0x000000e0      0x198 src/ASF/sam/drivers/pio/pio.o
 .debug_ranges  0x00000278       0x70 src/ASF/sam/drivers/pio/pio_handler.o
 .debug_ranges  0x000002e8      0x240 src/ASF/sam/drivers/pmc/pmc.o
 .debug_ranges  0x00000528       0x20 src/ASF/sam/drivers/pmc/sleep.o
 .debug_ranges  0x00000548       0x30 src/ASF/sam/utils/cmsis/same70/source/templates/gcc/startup_same70.o
 .debug_ranges  0x00000578       0x20 src/ASF/sam/utils/cmsis/same70/source/templates/system_same70.o
 .debug_ranges  0x00000598       0x58 src/main.o

.debug_macro    0x00000000    0x1d49f
 .debug_macro   0x00000000      0x778 src/function.o
 .debug_macro   0x00000778      0x8ce src/function.o
 .debug_macro   0x00001046      0x16d src/function.o
 .debug_macro   0x000011b3      0x652 src/function.o
 .debug_macro   0x00001805       0x76 src/function.o
 .debug_macro   0x0000187b       0x16 src/function.o
 .debug_macro   0x00001891      0x6e4 src/function.o
 .debug_macro   0x00001f75       0x22 src/function.o
 .debug_macro   0x00001f97       0x87 src/function.o
 .debug_macro   0x0000201e       0x51 src/function.o
 .debug_macro   0x0000206f       0xef src/function.o
 .debug_macro   0x0000215e       0x6a src/function.o
 .debug_macro   0x000021c8      0x1df src/function.o
 .debug_macro   0x000023a7       0x4a src/function.o
 .debug_macro   0x000023f1       0x3b src/function.o
 .debug_macro   0x0000242c       0x2d src/function.o
 .debug_macro   0x00002459       0x26 src/function.o
 .debug_macro   0x0000247f      0xf9a src/function.o
 .debug_macro   0x00003419      0x175 src/function.o
 .debug_macro   0x0000358e      0x257 src/function.o
 .debug_macro   0x000037e5      0xa0f src/function.o
 .debug_macro   0x000041f4      0x1b9 src/function.o
 .debug_macro   0x000043ad      0x336 src/function.o
 .debug_macro   0x000046e3      0x15b src/function.o
 .debug_macro   0x0000483e     0x1851 src/function.o
 .debug_macro   0x0000608f       0x1c src/function.o
 .debug_macro   0x000060ab      0x68d src/function.o
 .debug_macro   0x00006738      0x31e src/function.o
 .debug_macro   0x00006a56      0x4d4 src/function.o
 .debug_macro   0x00006f2a      0x56e src/function.o
 .debug_macro   0x00007498     0x1332 src/function.o
 .debug_macro   0x000087ca     0x278d src/function.o
 .debug_macro   0x0000af57     0x102b src/function.o
 .debug_macro   0x0000bf82      0xe01 src/function.o
 .debug_macro   0x0000cd83      0x3b1 src/function.o
 .debug_macro   0x0000d134       0xa0 src/function.o
 .debug_macro   0x0000d1d4       0x76 src/function.o
 .debug_macro   0x0000d24a      0x409 src/function.o
 .debug_macro   0x0000d653       0x64 src/function.o
 .debug_macro   0x0000d6b7      0x284 src/function.o
 .debug_macro   0x0000d93b      0x1d0 src/function.o
 .debug_macro   0x0000db0b      0x248 src/function.o
 .debug_macro   0x0000dd53      0x524 src/function.o
 .debug_macro   0x0000e277      0x63b src/function.o
 .debug_macro   0x0000e8b2      0x6b8 src/function.o
 .debug_macro   0x0000ef6a       0x4c src/function.o
 .debug_macro   0x0000efb6      0x468 src/function.o
 .debug_macro   0x0000f41e      0x207 src/function.o
 .debug_macro   0x0000f625      0x866 src/function.o
 .debug_macro   0x0000fe8b     0x1547 src/function.o
 .debug_macro   0x000113d2       0x40 src/function.o
 .debug_macro   0x00011412       0x76 src/function.o
 .debug_macro   0x00011488      0xdaf src/function.o
 .debug_macro   0x00012237       0x82 src/function.o
 .debug_macro   0x000122b9       0x76 src/function.o
 .debug_macro   0x0001232f       0x4c src/function.o
 .debug_macro   0x0001237b      0x135 src/function.o
 .debug_macro   0x000124b0      0x135 src/function.o
 .debug_macro   0x000125e5      0x135 src/function.o
 .debug_macro   0x0001271a       0x6a src/function.o
 .debug_macro   0x00012784       0x6a src/function.o
 .debug_macro   0x000127ee      0x313 src/function.o
 .debug_macro   0x00012b01       0xb2 src/function.o
 .debug_macro   0x00012bb3       0xb2 src/function.o
 .debug_macro   0x00012c65       0xb2 src/function.o
 .debug_macro   0x00012d17      0x11d src/function.o
 .debug_macro   0x00012e34      0x11d src/function.o
 .debug_macro   0x00012f51      0x2cd src/function.o
 .debug_macro   0x0001321e       0xb8 src/function.o
 .debug_macro   0x000132d6       0x5e src/function.o
 .debug_macro   0x00013334       0x40 src/function.o
 .debug_macro   0x00013374       0x4c src/function.o
 .debug_macro   0x000133c0       0xa0 src/function.o
 .debug_macro   0x00013460      0x494 src/function.o
 .debug_macro   0x000138f4      0x135 src/function.o
 .debug_macro   0x00013a29       0x4c src/function.o
 .debug_macro   0x00013a75      0x313 src/function.o
 .debug_macro   0x00013d88       0x6a src/function.o
 .debug_macro   0x00013df2       0xb8 src/function.o
 .debug_macro   0x00013eaa       0x6a src/function.o
 .debug_macro   0x00013f14       0x2e src/function.o
 .debug_macro   0x00013f42      0x9b1 src/function.o
 .debug_macro   0x000148f3       0x6a src/function.o
 .debug_macro   0x0001495d       0x88 src/function.o
 .debug_macro   0x000149e5       0x58 src/function.o
 .debug_macro   0x00014a3d       0xe2 src/function.o
 .debug_macro   0x00014b1f       0x16 src/function.o
 .debug_macro   0x00014b35       0xe2 src/function.o
 .debug_macro   0x00014c17       0x4c src/function.o
 .debug_macro   0x00014c63       0x16 src/function.o
 .debug_macro   0x00014c79       0x4c src/function.o
 .debug_macro   0x00014cc5       0x2e src/function.o
 .debug_macro   0x00014cf3      0x1b5 src/function.o
 .debug_macro   0x00014ea8      0x1b5 src/function.o
 .debug_macro   0x0001505d      0x1b5 src/function.o
 .debug_macro   0x00015212      0x1b5 src/function.o
 .debug_macro   0x000153c7      0x1b5 src/function.o
 .debug_macro   0x0001557c       0x1c src/function.o
 .debug_macro   0x00015598       0x2e src/function.o
 .debug_macro   0x000155c6       0x22 src/function.o
 .debug_macro   0x000155e8       0x1c src/function.o
 .debug_macro   0x00015604       0x52 src/function.o
 .debug_macro   0x00015656       0x10 src/function.o
 .debug_macro   0x00015666       0x1c src/function.o
 .debug_macro   0x00015682       0x4c src/function.o
 .debug_macro   0x000156ce       0x4c src/function.o
 .debug_macro   0x0001571a       0x4c src/function.o
 .debug_macro   0x00015766      0x31b src/function.o
 .debug_macro   0x00015a81     0x1022 src/function.o
 .debug_macro   0x00016aa3      0x100 src/function.o
 .debug_macro   0x00016ba3       0x58 src/function.o
 .debug_macro   0x00016bfb       0x35 src/function.o
 .debug_macro   0x00016c30       0x9c src/function.o
 .debug_macro   0x00016ccc       0x16 src/function.o
 .debug_macro   0x00016ce2       0x35 src/function.o
 .debug_macro   0x00016d17      0x353 src/function.o
 .debug_macro   0x0001706a       0x10 src/function.o
 .debug_macro   0x0001707a       0x58 src/function.o
 .debug_macro   0x000170d2       0x1f src/function.o
 .debug_macro   0x000170f1       0x43 src/function.o
 .debug_macro   0x00017134       0x20 src/function.o
 .debug_macro   0x00017154      0x187 src/function.o
 .debug_macro   0x000172db       0x10 src/function.o
 .debug_macro   0x000172eb       0x1c src/function.o
 .debug_macro   0x00017307       0x52 src/function.o
 .debug_macro   0x00017359       0x40 src/function.o
 .debug_macro   0x00017399       0x10 src/function.o
 .debug_macro   0x000173a9       0x40 src/function.o
 .debug_macro   0x000173e9       0xd7 src/function.o
 .debug_macro   0x000174c0       0x16 src/function.o
 .debug_macro   0x000174d6      0x18b src/function.o
 .debug_macro   0x00017661       0x22 src/function.o
 .debug_macro   0x00017683       0x16 src/function.o
 .debug_macro   0x00017699       0x16 src/function.o
 .debug_macro   0x000176af       0x29 src/function.o
 .debug_macro   0x000176d8       0x75 src/function.o
 .debug_macro   0x0001774d       0x3f src/function.o
 .debug_macro   0x0001778c      0x3ca src/function.o
 .debug_macro   0x00017b56       0x3a src/function.o
 .debug_macro   0x00017b90      0x2bf src/function.o
 .debug_macro   0x00017e4f      0x8d6 src/function.o
 .debug_macro   0x00018725       0x70 src/function.o
 .debug_macro   0x00018795       0x64 src/function.o
 .debug_macro   0x000187f9       0x5f src/function.o
 .debug_macro   0x00018858       0xac src/function.o
 .debug_macro   0x00018904       0x28 src/function.o
 .debug_macro   0x0001892c       0x23 src/function.o
 .debug_macro   0x0001894f       0x94 src/function.o
 .debug_macro   0x000189e3       0x40 src/function.o
 .debug_macro   0x00018a23       0x88 src/function.o
 .debug_macro   0x00018aab      0x1ce src/function.o
 .debug_macro   0x00018c79       0x34 src/function.o
 .debug_macro   0x00018cad       0x16 src/function.o
 .debug_macro   0x00018cc3       0x1c src/function.o
 .debug_macro   0x00018cdf       0xb2 src/function.o
 .debug_macro   0x00018d91      0x6d1 src/ASF/common/services/clock/same70/sysclk.o
 .debug_macro   0x00019462      0x2b9 src/ASF/common/services/clock/same70/sysclk.o
 .debug_macro   0x0001971b      0x665 src/ASF/common/services/delay/sam/cycle_counter.o
 .debug_macro   0x00019d80       0x22 src/ASF/common/services/delay/sam/cycle_counter.o
 .debug_macro   0x00019da2      0x655 src/ASF/common/utils/interrupt/interrupt_sam_nvic.o
 .debug_macro   0x0001a3f7      0x66b src/ASF/sam/drivers/pio/pio.o
 .debug_macro   0x0001aa62       0x8e src/ASF/sam/drivers/pio/pio.o
 .debug_macro   0x0001aaf0      0x676 src/ASF/sam/drivers/pio/pio_handler.o
 .debug_macro   0x0001b166      0x66b src/ASF/sam/drivers/pmc/pmc.o
 .debug_macro   0x0001b7d1       0x6a src/ASF/sam/drivers/pmc/pmc.o
 .debug_macro   0x0001b83b      0x684 src/ASF/sam/drivers/pmc/sleep.o
 .debug_macro   0x0001bebf      0x664 src/ASF/sam/utils/cmsis/same70/source/templates/gcc/startup_same70.o
 .debug_macro   0x0001c523       0x10 src/ASF/sam/utils/cmsis/same70/source/templates/gcc/startup_same70.o
 .debug_macro   0x0001c533      0x455 src/ASF/sam/utils/cmsis/same70/source/templates/system_same70.o
 .debug_macro   0x0001c988      0x77d src/main.o
 .debug_macro   0x0001d105      0x2e2 src/main.o
 .debug_macro   0x0001d3e7       0xb8 src/main.o

.debug_line     0x00000000     0x8440
 .debug_line    0x00000000      0xd7b src/function.o
 .debug_line    0x00000d7b      0xc67 src/ASF/common/services/clock/same70/sysclk.o
 .debug_line    0x000019e2      0x9ed src/ASF/common/services/delay/sam/cycle_counter.o
 .debug_line    0x000023cf      0xa09 src/ASF/common/utils/interrupt/interrupt_sam_nvic.o
 .debug_line    0x00002dd8      0xe17 src/ASF/sam/drivers/pio/pio.o
 .debug_line    0x00003bef      0xb18 src/ASF/sam/drivers/pio/pio_handler.o
 .debug_line    0x00004707     0x10d5 src/ASF/sam/drivers/pmc/pmc.o
 .debug_line    0x000057dc      0xb58 src/ASF/sam/drivers/pmc/sleep.o
 .debug_line    0x00006334      0xac0 src/ASF/sam/utils/cmsis/same70/source/templates/gcc/startup_same70.o
 .debug_line    0x00006df4      0x819 src/ASF/sam/utils/cmsis/same70/source/templates/system_same70.o
 .debug_line    0x0000760d      0xe33 src/main.o

.debug_str      0x00000000    0x89822
 .debug_str     0x00000000    0x87218 src/function.o
                              0x8793d (size before relaxing)
 .debug_str     0x00087218      0x4b7 src/ASF/common/services/clock/same70/sysclk.o
                              0x85ed2 (size before relaxing)
 .debug_str     0x000876cf       0x35 src/ASF/common/services/delay/sam/cycle_counter.o
                              0x81ff2 (size before relaxing)
 .debug_str     0x00087704       0x94 src/ASF/common/utils/interrupt/interrupt_sam_nvic.o
                              0x81ec2 (size before relaxing)
 .debug_str     0x00087798      0x579 src/ASF/sam/drivers/pio/pio.o
                              0x82a18 (size before relaxing)
 .debug_str     0x00087d11      0x586 src/ASF/sam/drivers/pio/pio_handler.o
                              0x82b3a (size before relaxing)
 .debug_str     0x00088297      0x65f src/ASF/sam/drivers/pmc/pmc.o
                              0x82b6d (size before relaxing)
 .debug_str     0x000888f6      0x1a0 src/ASF/sam/drivers/pmc/sleep.o
                              0x85794 (size before relaxing)
 .debug_str     0x00088a96      0x658 src/ASF/sam/utils/cmsis/same70/source/templates/gcc/startup_same70.o
                              0x8268f (size before relaxing)
 .debug_str     0x000890ee      0x137 src/ASF/sam/utils/cmsis/same70/source/templates/system_same70.o
                              0x7281a (size before relaxing)
 .debug_str     0x00089225      0x5fd src/main.o
                              0x88441 (size before relaxing)

.debug_frame    0x00000000     0x1cb0
 .debug_frame   0x00000000       0xc8 src/function.o
 .debug_frame   0x000000c8      0x240 src/ASF/common/services/clock/same70/sysclk.o
 .debug_frame   0x00000308       0x20 src/ASF/common/services/delay/sam/cycle_counter.o
 .debug_frame   0x00000328       0x58 src/ASF/common/utils/interrupt/interrupt_sam_nvic.o
 .debug_frame   0x00000380      0x7c0 src/ASF/sam/drivers/pio/pio.o
 .debug_frame   0x00000b40      0x1d0 src/ASF/sam/drivers/pio/pio_handler.o
 .debug_frame   0x00000d10      0xa58 src/ASF/sam/drivers/pmc/pmc.o
 .debug_frame   0x00001768       0x7c src/ASF/sam/drivers/pmc/sleep.o
 .debug_frame   0x000017e4       0xbc src/ASF/sam/utils/cmsis/same70/source/templates/gcc/startup_same70.o
 .debug_frame   0x000018a0       0x78 src/ASF/sam/utils/cmsis/same70/source/templates/system_same70.o
 .debug_frame   0x00001918      0x178 src/main.o
 .debug_frame   0x00001a90       0x2c c:/program files (x86)/atmel/studio/7.0/toolchain/arm/arm-gnu-toolchain/bin/../lib/gcc/arm-none-eabi/6.3.1/thumb/v7e-m\libgcc.a(_aeabi_uldivmod.o)
 .debug_frame   0x00001abc       0x34 c:/program files (x86)/atmel/studio/7.0/toolchain/arm/arm-gnu-toolchain/bin/../lib/gcc/arm-none-eabi/6.3.1/thumb/v7e-m\libgcc.a(_udivmoddi4.o)
 .debug_frame   0x00001af0       0x2c c:/program files (x86)/atmel/studio/7.0/toolchain/arm/arm-gnu-toolchain/bin/../lib/gcc/arm-none-eabi/6.3.1/../../../../arm-none-eabi/lib/thumb/v7e-m\libc.a(lib_a-init.o)
 .debug_frame   0x00001b1c       0x5c c:/program files (x86)/atmel/studio/7.0/toolchain/arm/arm-gnu-toolchain/bin/../lib/gcc/arm-none-eabi/6.3.1/../../../../arm-none-eabi/lib/thumb/v7e-m\libc.a(lib_a-__call_atexit.o)
 .debug_frame   0x00001b78       0x20 c:/program files (x86)/atmel/studio/7.0/toolchain/arm/arm-gnu-toolchain/bin/../lib/gcc/arm-none-eabi/6.3.1/../../../../arm-none-eabi/lib/thumb/v7e-m\libc.a(lib_a-atexit.o)
 .debug_frame   0x00001b98       0x34 c:/program files (x86)/atmel/studio/7.0/toolchain/arm/arm-gnu-toolchain/bin/../lib/gcc/arm-none-eabi/6.3.1/../../../../arm-none-eabi/lib/thumb/v7e-m\libc.a(lib_a-fini.o)
 .debug_frame   0x00001bcc       0xb0 c:/program files (x86)/atmel/studio/7.0/toolchain/arm/arm-gnu-toolchain/bin/../lib/gcc/arm-none-eabi/6.3.1/../../../../arm-none-eabi/lib/thumb/v7e-m\libc.a(lib_a-lock.o)
 .debug_frame   0x00001c7c       0x34 c:/program files (x86)/atmel/studio/7.0/toolchain/arm/arm-gnu-toolchain/bin/../lib/gcc/arm-none-eabi/6.3.1/../../../../arm-none-eabi/lib/thumb/v7e-m\libc.a(lib_a-__atexit.o)

Cross Reference Table

Symbol                                            File
ACC_Handler                                       src/ASF/sam/utils/cmsis/same70/source/templates/gcc/startup_same70.o
AES_Handler                                       src/ASF/sam/utils/cmsis/same70/source/templates/gcc/startup_same70.o
AFEC0_Handler                                     src/ASF/sam/utils/cmsis/same70/source/templates/gcc/startup_same70.o
AFEC1_Handler                                     src/ASF/sam/utils/cmsis/same70/source/templates/gcc/startup_same70.o
BusFault_Handler                                  src/ASF/sam/utils/cmsis/same70/source/templates/gcc/startup_same70.o
DACC_Handler                                      src/ASF/sam/utils/cmsis/same70/source/templates/gcc/startup_same70.o
DebugMon_Handler                                  src/ASF/sam/utils/cmsis/same70/source/templates/gcc/startup_same70.o
Dummy_Handler                                     src/ASF/sam/utils/cmsis/same70/source/templates/gcc/startup_same70.o
EFC_Handler                                       src/ASF/sam/utils/cmsis/same70/source/templates/gcc/startup_same70.o
GMAC_Handler                                      src/ASF/sam/utils/cmsis/same70/source/templates/gcc/startup_same70.o
HSMCI_Handler                                     src/ASF/sam/utils/cmsis/same70/source/templates/gcc/startup_same70.o
HardFault_Handler                                 src/ASF/sam/utils/cmsis/same70/source/templates/gcc/startup_same70.o
ICM_Handler                                       src/ASF/sam/utils/cmsis/same70/source/templates/gcc/startup_same70.o
ISI_Handler                                       src/ASF/sam/utils/cmsis/same70/source/templates/gcc/startup_same70.o
MCAN0_Handler                                     src/ASF/sam/utils/cmsis/same70/source/templates/gcc/startup_same70.o
MCAN1_Handler                                     src/ASF/sam/utils/cmsis/same70/source/templates/gcc/startup_same70.o
MemManage_Handler                                 src/ASF/sam/utils/cmsis/same70/source/templates/gcc/startup_same70.o
NMI_Handler                                       src/ASF/sam/utils/cmsis/same70/source/templates/gcc/startup_same70.o
PIOA_Handler                                      src/ASF/sam/drivers/pio/pio_handler.o
PIOB_Handler                                      src/ASF/sam/drivers/pio/pio_handler.o
PIOC_Handler                                      src/ASF/sam/drivers/pio/pio_handler.o
PIOD_Handler                                      src/ASF/sam/drivers/pio/pio_handler.o
PIOE_Handler                                      src/ASF/sam/drivers/pio/pio_handler.o
PMC_Handler                                       src/ASF/sam/utils/cmsis/same70/source/templates/gcc/startup_same70.o
PWM0_Handler                                      src/ASF/sam/utils/cmsis/same70/source/templates/gcc/startup_same70.o
PWM1_Handler                                      src/ASF/sam/utils/cmsis/same70/source/templates/gcc/startup_same70.o
PendSV_Handler                                    src/ASF/sam/utils/cmsis/same70/source/templates/gcc/startup_same70.o
QSPI_Handler                                      src/ASF/sam/utils/cmsis/same70/source/templates/gcc/startup_same70.o
RSTC_Handler                                      src/ASF/sam/utils/cmsis/same70/source/templates/gcc/startup_same70.o
RSWDT_Handler                                     src/ASF/sam/utils/cmsis/same70/source/templates/gcc/startup_same70.o
RTC_Handler                                       src/ASF/sam/utils/cmsis/same70/source/templates/gcc/startup_same70.o
RTT_Handler                                       src/ASF/sam/utils/cmsis/same70/source/templates/gcc/startup_same70.o
Reset_Handler                                     src/ASF/sam/utils/cmsis/same70/source/templates/gcc/startup_same70.o
SDRAMC_Handler                                    src/ASF/sam/utils/cmsis/same70/source/templates/gcc/startup_same70.o
SPI0_Handler                                      src/ASF/sam/utils/cmsis/same70/source/templates/gcc/startup_same70.o
SPI1_Handler                                      src/ASF/sam/utils/cmsis/same70/source/templates/gcc/startup_same70.o
SSC_Handler                                       src/ASF/sam/utils/cmsis/same70/source/templates/gcc/startup_same70.o
SUPC_Handler                                      src/ASF/sam/utils/cmsis/same70/source/templates/gcc/startup_same70.o
SVC_Handler                                       src/ASF/sam/utils/cmsis/same70/source/templates/gcc/startup_same70.o
SysTick_Handler                                   src/ASF/sam/utils/cmsis/same70/source/templates/gcc/startup_same70.o
SystemCoreClock                                   src/ASF/sam/utils/cmsis/same70/source/templates/system_same70.o
SystemCoreClockUpdate                             src/ASF/sam/utils/cmsis/same70/source/templates/system_same70.o
                                                  src/ASF/common/services/clock/same70/sysclk.o
SystemInit                                        src/ASF/sam/utils/cmsis/same70/source/templates/system_same70.o
TC0_Handler                                       src/ASF/sam/utils/cmsis/same70/source/templates/gcc/startup_same70.o
TC10_Handler                                      src/ASF/sam/utils/cmsis/same70/source/templates/gcc/startup_same70.o
TC11_Handler                                      src/ASF/sam/utils/cmsis/same70/source/templates/gcc/startup_same70.o
TC1_Handler                                       src/ASF/sam/utils/cmsis/same70/source/templates/gcc/startup_same70.o
TC2_Handler                                       src/ASF/sam/utils/cmsis/same70/source/templates/gcc/startup_same70.o
TC3_Handler                                       src/ASF/sam/utils/cmsis/same70/source/templates/gcc/startup_same70.o
TC4_Handler                                       src/ASF/sam/utils/cmsis/same70/source/templates/gcc/startup_same70.o
TC5_Handler                                       src/ASF/sam/utils/cmsis/same70/source/templates/gcc/startup_same70.o
TC6_Handler                                       src/ASF/sam/utils/cmsis/same70/source/templates/gcc/startup_same70.o
TC7_Handler                                       src/ASF/sam/utils/cmsis/same70/source/templates/gcc/startup_same70.o
TC8_Handler                                       src/ASF/sam/utils/cmsis/same70/source/templates/gcc/startup_same70.o
TC9_Handler                                       src/ASF/sam/utils/cmsis/same70/source/templates/gcc/startup_same70.o
TRNG_Handler                                      src/ASF/sam/utils/cmsis/same70/source/templates/gcc/startup_same70.o
TWIHS0_Handler                                    src/ASF/sam/utils/cmsis/same70/source/templates/gcc/startup_same70.o
TWIHS1_Handler                                    src/ASF/sam/utils/cmsis/same70/source/templates/gcc/startup_same70.o
TWIHS2_Handler                                    src/ASF/sam/utils/cmsis/same70/source/templates/gcc/startup_same70.o
UART0_Handler                                     src/ASF/sam/utils/cmsis/same70/source/templates/gcc/startup_same70.o
UART1_Handler                                     src/ASF/sam/utils/cmsis/same70/source/templates/gcc/startup_same70.o
UART2_Handler                                     src/ASF/sam/utils/cmsis/same70/source/templates/gcc/startup_same70.o
UART3_Handler                                     src/ASF/sam/utils/cmsis/same70/source/templates/gcc/startup_same70.o
UART4_Handler                                     src/ASF/sam/utils/cmsis/same70/source/templates/gcc/startup_same70.o
USART0_Handler                                    src/ASF/sam/utils/cmsis/same70/source/templates/gcc/startup_same70.o
USART1_Handler                                    src/ASF/sam/utils/cmsis/same70/source/templates/gcc/startup_same70.o
USART2_Handler                                    src/ASF/sam/utils/cmsis/same70/source/templates/gcc/startup_same70.o
USBHS_Handler                                     src/ASF/sam/utils/cmsis/same70/source/templates/gcc/startup_same70.o
UsageFault_Handler                                src/ASF/sam/utils/cmsis/same70/source/templates/gcc/startup_same70.o
WDT_Handler                                       src/ASF/sam/utils/cmsis/same70/source/templates/gcc/startup_same70.o
XDMAC_Handler                                     src/ASF/sam/utils/cmsis/same70/source/templates/gcc/startup_same70.o
_Jv_RegisterClasses                               c:/program files (x86)/atmel/studio/7.0/toolchain/arm/arm-gnu-toolchain/bin/../lib/gcc/arm-none-eabi/6.3.1/thumb/v7e-m/crtbegin.o
__aeabi_idiv0                                     c:/program files (x86)/atmel/studio/7.0/toolchain/arm/arm-gnu-toolchain/bin/../lib/gcc/arm-none-eabi/6.3.1/thumb/v7e-m\libgcc.a(_dvmd_tls.o)
__aeabi_ldiv0                                     c:/program files (x86)/atmel/studio/7.0/toolchain/arm/arm-gnu-toolchain/bin/../lib/gcc/arm-none-eabi/6.3.1/thumb/v7e-m\libgcc.a(_dvmd_tls.o)
                                                  c:/program files (x86)/atmel/studio/7.0/toolchain/arm/arm-gnu-toolchain/bin/../lib/gcc/arm-none-eabi/6.3.1/thumb/v7e-m\libgcc.a(_aeabi_uldivmod.o)
__aeabi_uldivmod                                  c:/program files (x86)/atmel/studio/7.0/toolchain/arm/arm-gnu-toolchain/bin/../lib/gcc/arm-none-eabi/6.3.1/thumb/v7e-m\libgcc.a(_aeabi_uldivmod.o)
                                                  src/main.o
                                                  src/function.o
__atexit_recursive_mutex                          c:/program files (x86)/atmel/studio/7.0/toolchain/arm/arm-gnu-toolchain/bin/../lib/gcc/arm-none-eabi/6.3.1/../../../../arm-none-eabi/lib/thumb/v7e-m\libc.a(lib_a-__call_atexit.o)
                                                  c:/program files (x86)/atmel/studio/7.0/toolchain/arm/arm-gnu-toolchain/bin/../lib/gcc/arm-none-eabi/6.3.1/../../../../arm-none-eabi/lib/thumb/v7e-m\libc.a(lib_a-__atexit.o)
__bss_end__                                       c:/program files (x86)/atmel/studio/7.0/toolchain/arm/arm-gnu-toolchain/bin/../lib/gcc/arm-none-eabi/6.3.1/../../../../arm-none-eabi/lib/thumb/v7e-m/crt0.o
__bss_start__                                     c:/program files (x86)/atmel/studio/7.0/toolchain/arm/arm-gnu-toolchain/bin/../lib/gcc/arm-none-eabi/6.3.1/../../../../arm-none-eabi/lib/thumb/v7e-m/crt0.o
__call_exitprocs                                  c:/program files (x86)/atmel/studio/7.0/toolchain/arm/arm-gnu-toolchain/bin/../lib/gcc/arm-none-eabi/6.3.1/../../../../arm-none-eabi/lib/thumb/v7e-m\libc.a(lib_a-__call_atexit.o)
                                                  c:/program files (x86)/atmel/studio/7.0/toolchain/arm/arm-gnu-toolchain/bin/../lib/gcc/arm-none-eabi/6.3.1/../../../../arm-none-eabi/lib/thumb/v7e-m\libc.a(lib_a-exit.o)
__deregister_frame_info                           c:/program files (x86)/atmel/studio/7.0/toolchain/arm/arm-gnu-toolchain/bin/../lib/gcc/arm-none-eabi/6.3.1/thumb/v7e-m/crtbegin.o
__dso_handle                                      c:/program files (x86)/atmel/studio/7.0/toolchain/arm/arm-gnu-toolchain/bin/../lib/gcc/arm-none-eabi/6.3.1/thumb/v7e-m/crtbegin.o
__fini_array_end                                  c:/program files (x86)/atmel/studio/7.0/toolchain/arm/arm-gnu-toolchain/bin/../lib/gcc/arm-none-eabi/6.3.1/../../../../arm-none-eabi/lib/thumb/v7e-m\libc.a(lib_a-fini.o)
__fini_array_start                                c:/program files (x86)/atmel/studio/7.0/toolchain/arm/arm-gnu-toolchain/bin/../lib/gcc/arm-none-eabi/6.3.1/../../../../arm-none-eabi/lib/thumb/v7e-m\libc.a(lib_a-fini.o)
__init_array_end                                  c:/program files (x86)/atmel/studio/7.0/toolchain/arm/arm-gnu-toolchain/bin/../lib/gcc/arm-none-eabi/6.3.1/../../../../arm-none-eabi/lib/thumb/v7e-m\libc.a(lib_a-init.o)
__init_array_start                                c:/program files (x86)/atmel/studio/7.0/toolchain/arm/arm-gnu-toolchain/bin/../lib/gcc/arm-none-eabi/6.3.1/../../../../arm-none-eabi/lib/thumb/v7e-m\libc.a(lib_a-init.o)
__libc_fini                                       c:/program files (x86)/atmel/studio/7.0/toolchain/arm/arm-gnu-toolchain/bin/../lib/gcc/arm-none-eabi/6.3.1/../../../../arm-none-eabi/lib/thumb/v7e-m\libc.a(lib_a-__call_atexit.o)
__libc_fini_array                                 c:/program files (x86)/atmel/studio/7.0/toolchain/arm/arm-gnu-toolchain/bin/../lib/gcc/arm-none-eabi/6.3.1/../../../../arm-none-eabi/lib/thumb/v7e-m\libc.a(lib_a-fini.o)
                                                  c:/program files (x86)/atmel/studio/7.0/toolchain/arm/arm-gnu-toolchain/bin/../lib/gcc/arm-none-eabi/6.3.1/../../../../arm-none-eabi/lib/thumb/v7e-m\libc.a(lib_a-__call_atexit.o)
                                                  c:/program files (x86)/atmel/studio/7.0/toolchain/arm/arm-gnu-toolchain/bin/../lib/gcc/arm-none-eabi/6.3.1/../../../../arm-none-eabi/lib/thumb/v7e-m/crt0.o
__libc_init_array                                 c:/program files (x86)/atmel/studio/7.0/toolchain/arm/arm-gnu-toolchain/bin/../lib/gcc/arm-none-eabi/6.3.1/../../../../arm-none-eabi/lib/thumb/v7e-m\libc.a(lib_a-init.o)
                                                  src/ASF/sam/utils/cmsis/same70/source/templates/gcc/startup_same70.o
                                                  c:/program files (x86)/atmel/studio/7.0/toolchain/arm/arm-gnu-toolchain/bin/../lib/gcc/arm-none-eabi/6.3.1/../../../../arm-none-eabi/lib/thumb/v7e-m/crt0.o
__lock___arc4random_mutex                         c:/program files (x86)/atmel/studio/7.0/toolchain/arm/arm-gnu-toolchain/bin/../lib/gcc/arm-none-eabi/6.3.1/../../../../arm-none-eabi/lib/thumb/v7e-m\libc.a(lib_a-lock.o)
__lock___at_quick_exit_mutex                      c:/program files (x86)/atmel/studio/7.0/toolchain/arm/arm-gnu-toolchain/bin/../lib/gcc/arm-none-eabi/6.3.1/../../../../arm-none-eabi/lib/thumb/v7e-m\libc.a(lib_a-lock.o)
__lock___atexit_recursive_mutex                   c:/program files (x86)/atmel/studio/7.0/toolchain/arm/arm-gnu-toolchain/bin/../lib/gcc/arm-none-eabi/6.3.1/../../../../arm-none-eabi/lib/thumb/v7e-m\libc.a(lib_a-lock.o)
                                                  c:/program files (x86)/atmel/studio/7.0/toolchain/arm/arm-gnu-toolchain/bin/../lib/gcc/arm-none-eabi/6.3.1/../../../../arm-none-eabi/lib/thumb/v7e-m\libc.a(lib_a-__call_atexit.o)
__lock___dd_hash_mutex                            c:/program files (x86)/atmel/studio/7.0/toolchain/arm/arm-gnu-toolchain/bin/../lib/gcc/arm-none-eabi/6.3.1/../../../../arm-none-eabi/lib/thumb/v7e-m\libc.a(lib_a-lock.o)
__lock___env_recursive_mutex                      c:/program files (x86)/atmel/studio/7.0/toolchain/arm/arm-gnu-toolchain/bin/../lib/gcc/arm-none-eabi/6.3.1/../../../../arm-none-eabi/lib/thumb/v7e-m\libc.a(lib_a-lock.o)
__lock___malloc_recursive_mutex                   c:/program files (x86)/atmel/studio/7.0/toolchain/arm/arm-gnu-toolchain/bin/../lib/gcc/arm-none-eabi/6.3.1/../../../../arm-none-eabi/lib/thumb/v7e-m\libc.a(lib_a-lock.o)
__lock___sfp_recursive_mutex                      c:/program files (x86)/atmel/studio/7.0/toolchain/arm/arm-gnu-toolchain/bin/../lib/gcc/arm-none-eabi/6.3.1/../../../../arm-none-eabi/lib/thumb/v7e-m\libc.a(lib_a-lock.o)
__lock___sinit_recursive_mutex                    c:/program files (x86)/atmel/studio/7.0/toolchain/arm/arm-gnu-toolchain/bin/../lib/gcc/arm-none-eabi/6.3.1/../../../../arm-none-eabi/lib/thumb/v7e-m\libc.a(lib_a-lock.o)
__lock___tz_mutex                                 c:/program files (x86)/atmel/studio/7.0/toolchain/arm/arm-gnu-toolchain/bin/../lib/gcc/arm-none-eabi/6.3.1/../../../../arm-none-eabi/lib/thumb/v7e-m\libc.a(lib_a-lock.o)
__preinit_array_end                               c:/program files (x86)/atmel/studio/7.0/toolchain/arm/arm-gnu-toolchain/bin/../lib/gcc/arm-none-eabi/6.3.1/../../../../arm-none-eabi/lib/thumb/v7e-m\libc.a(lib_a-init.o)
__preinit_array_start                             c:/program files (x86)/atmel/studio/7.0/toolchain/arm/arm-gnu-toolchain/bin/../lib/gcc/arm-none-eabi/6.3.1/../../../../arm-none-eabi/lib/thumb/v7e-m\libc.a(lib_a-init.o)
__ram_end__                                       src/ASF/sam/utils/syscalls/gcc/syscalls.o
__register_exitproc                               c:/program files (x86)/atmel/studio/7.0/toolchain/arm/arm-gnu-toolchain/bin/../lib/gcc/arm-none-eabi/6.3.1/../../../../arm-none-eabi/lib/thumb/v7e-m\libc.a(lib_a-__atexit.o)
                                                  c:/program files (x86)/atmel/studio/7.0/toolchain/arm/arm-gnu-toolchain/bin/../lib/gcc/arm-none-eabi/6.3.1/../../../../arm-none-eabi/lib/thumb/v7e-m\libc.a(lib_a-atexit.o)
__register_frame_info                             c:/program files (x86)/atmel/studio/7.0/toolchain/arm/arm-gnu-toolchain/bin/../lib/gcc/arm-none-eabi/6.3.1/thumb/v7e-m/crtbegin.o
__retarget_lock_acquire                           c:/program files (x86)/atmel/studio/7.0/toolchain/arm/arm-gnu-toolchain/bin/../lib/gcc/arm-none-eabi/6.3.1/../../../../arm-none-eabi/lib/thumb/v7e-m\libc.a(lib_a-lock.o)
__retarget_lock_acquire_recursive                 c:/program files (x86)/atmel/studio/7.0/toolchain/arm/arm-gnu-toolchain/bin/../lib/gcc/arm-none-eabi/6.3.1/../../../../arm-none-eabi/lib/thumb/v7e-m\libc.a(lib_a-lock.o)
                                                  c:/program files (x86)/atmel/studio/7.0/toolchain/arm/arm-gnu-toolchain/bin/../lib/gcc/arm-none-eabi/6.3.1/../../../../arm-none-eabi/lib/thumb/v7e-m\libc.a(lib_a-__atexit.o)
                                                  c:/program files (x86)/atmel/studio/7.0/toolchain/arm/arm-gnu-toolchain/bin/../lib/gcc/arm-none-eabi/6.3.1/../../../../arm-none-eabi/lib/thumb/v7e-m\libc.a(lib_a-__call_atexit.o)
__retarget_lock_close                             c:/program files (x86)/atmel/studio/7.0/toolchain/arm/arm-gnu-toolchain/bin/../lib/gcc/arm-none-eabi/6.3.1/../../../../arm-none-eabi/lib/thumb/v7e-m\libc.a(lib_a-lock.o)
__retarget_lock_close_recursive                   c:/program files (x86)/atmel/studio/7.0/toolchain/arm/arm-gnu-toolchain/bin/../lib/gcc/arm-none-eabi/6.3.1/../../../../arm-none-eabi/lib/thumb/v7e-m\libc.a(lib_a-lock.o)
__retarget_lock_init                              c:/program files (x86)/atmel/studio/7.0/toolchain/arm/arm-gnu-toolchain/bin/../lib/gcc/arm-none-eabi/6.3.1/../../../../arm-none-eabi/lib/thumb/v7e-m\libc.a(lib_a-lock.o)
__retarget_lock_init_recursive                    c:/program files (x86)/atmel/studio/7.0/toolchain/arm/arm-gnu-toolchain/bin/../lib/gcc/arm-none-eabi/6.3.1/../../../../arm-none-eabi/lib/thumb/v7e-m\libc.a(lib_a-lock.o)
__retarget_lock_release                           c:/program files (x86)/atmel/studio/7.0/toolchain/arm/arm-gnu-toolchain/bin/../lib/gcc/arm-none-eabi/6.3.1/../../../../arm-none-eabi/lib/thumb/v7e-m\libc.a(lib_a-lock.o)
__retarget_lock_release_recursive                 c:/program files (x86)/atmel/studio/7.0/toolchain/arm/arm-gnu-toolchain/bin/../lib/gcc/arm-none-eabi/6.3.1/../../../../arm-none-eabi/lib/thumb/v7e-m\libc.a(lib_a-lock.o)
                                                  c:/program files (x86)/atmel/studio/7.0/toolchain/arm/arm-gnu-toolchain/bin/../lib/gcc/arm-none-eabi/6.3.1/../../../../arm-none-eabi/lib/thumb/v7e-m\libc.a(lib_a-__atexit.o)
                                                  c:/program files (x86)/atmel/studio/7.0/toolchain/arm/arm-gnu-toolchain/bin/../lib/gcc/arm-none-eabi/6.3.1/../../../../arm-none-eabi/lib/thumb/v7e-m\libc.a(lib_a-__call_atexit.o)
__retarget_lock_try_acquire                       c:/program files (x86)/atmel/studio/7.0/toolchain/arm/arm-gnu-toolchain/bin/../lib/gcc/arm-none-eabi/6.3.1/../../../../arm-none-eabi/lib/thumb/v7e-m\libc.a(lib_a-lock.o)
__retarget_lock_try_acquire_recursive             c:/program files (x86)/atmel/studio/7.0/toolchain/arm/arm-gnu-toolchain/bin/../lib/gcc/arm-none-eabi/6.3.1/../../../../arm-none-eabi/lib/thumb/v7e-m\libc.a(lib_a-lock.o)
__stack                                           c:/program files (x86)/atmel/studio/7.0/toolchain/arm/arm-gnu-toolchain/bin/../lib/gcc/arm-none-eabi/6.3.1/../../../../arm-none-eabi/lib/thumb/v7e-m/crt0.o
__udivmoddi4                                      c:/program files (x86)/atmel/studio/7.0/toolchain/arm/arm-gnu-toolchain/bin/../lib/gcc/arm-none-eabi/6.3.1/thumb/v7e-m\libgcc.a(_udivmoddi4.o)
                                                  c:/program files (x86)/atmel/studio/7.0/toolchain/arm/arm-gnu-toolchain/bin/../lib/gcc/arm-none-eabi/6.3.1/thumb/v7e-m\libgcc.a(_aeabi_uldivmod.o)
_close                                            src/ASF/sam/utils/syscalls/gcc/syscalls.o
_end                                              src/ASF/sam/utils/syscalls/gcc/syscalls.o
_erelocate                                        src/ASF/sam/utils/cmsis/same70/source/templates/gcc/startup_same70.o
_estack                                           src/ASF/sam/utils/cmsis/same70/source/templates/gcc/startup_same70.o
_etext                                            src/ASF/sam/utils/cmsis/same70/source/templates/gcc/startup_same70.o
_exit                                             src/ASF/sam/utils/syscalls/gcc/syscalls.o
                                                  c:/program files (x86)/atmel/studio/7.0/toolchain/arm/arm-gnu-toolchain/bin/../lib/gcc/arm-none-eabi/6.3.1/../../../../arm-none-eabi/lib/thumb/v7e-m\libc.a(lib_a-exit.o)
_ezero                                            src/ASF/sam/utils/cmsis/same70/source/templates/gcc/startup_same70.o
_fini                                             c:/program files (x86)/atmel/studio/7.0/toolchain/arm/arm-gnu-toolchain/bin/../lib/gcc/arm-none-eabi/6.3.1/thumb/v7e-m/crti.o
                                                  c:/program files (x86)/atmel/studio/7.0/toolchain/arm/arm-gnu-toolchain/bin/../lib/gcc/arm-none-eabi/6.3.1/../../../../arm-none-eabi/lib/thumb/v7e-m\libc.a(lib_a-fini.o)
_fstat                                            src/ASF/sam/utils/syscalls/gcc/syscalls.o
_getpid                                           src/ASF/sam/utils/syscalls/gcc/syscalls.o
_global_impure_ptr                                c:/program files (x86)/atmel/studio/7.0/toolchain/arm/arm-gnu-toolchain/bin/../lib/gcc/arm-none-eabi/6.3.1/../../../../arm-none-eabi/lib/thumb/v7e-m\libc.a(lib_a-impure.o)
                                                  c:/program files (x86)/atmel/studio/7.0/toolchain/arm/arm-gnu-toolchain/bin/../lib/gcc/arm-none-eabi/6.3.1/../../../../arm-none-eabi/lib/thumb/v7e-m\libc.a(lib_a-__atexit.o)
                                                  c:/program files (x86)/atmel/studio/7.0/toolchain/arm/arm-gnu-toolchain/bin/../lib/gcc/arm-none-eabi/6.3.1/../../../../arm-none-eabi/lib/thumb/v7e-m\libc.a(lib_a-__call_atexit.o)
                                                  c:/program files (x86)/atmel/studio/7.0/toolchain/arm/arm-gnu-toolchain/bin/../lib/gcc/arm-none-eabi/6.3.1/../../../../arm-none-eabi/lib/thumb/v7e-m\libc.a(lib_a-exit.o)
_impure_ptr                                       c:/program files (x86)/atmel/studio/7.0/toolchain/arm/arm-gnu-toolchain/bin/../lib/gcc/arm-none-eabi/6.3.1/../../../../arm-none-eabi/lib/thumb/v7e-m\libc.a(lib_a-impure.o)
_init                                             c:/program files (x86)/atmel/studio/7.0/toolchain/arm/arm-gnu-toolchain/bin/../lib/gcc/arm-none-eabi/6.3.1/thumb/v7e-m/crti.o
                                                  c:/program files (x86)/atmel/studio/7.0/toolchain/arm/arm-gnu-toolchain/bin/../lib/gcc/arm-none-eabi/6.3.1/../../../../arm-none-eabi/lib/thumb/v7e-m\libc.a(lib_a-init.o)
_isatty                                           src/ASF/sam/utils/syscalls/gcc/syscalls.o
_kill                                             src/ASF/sam/utils/syscalls/gcc/syscalls.o
_lseek                                            src/ASF/sam/utils/syscalls/gcc/syscalls.o
_mainCRTStartup                                   c:/program files (x86)/atmel/studio/7.0/toolchain/arm/arm-gnu-toolchain/bin/../lib/gcc/arm-none-eabi/6.3.1/../../../../arm-none-eabi/lib/thumb/v7e-m/crt0.o
_sbrk                                             src/ASF/sam/utils/syscalls/gcc/syscalls.o
_sfixed                                           src/ASF/sam/utils/cmsis/same70/source/templates/gcc/startup_same70.o
_srelocate                                        src/ASF/sam/utils/cmsis/same70/source/templates/gcc/startup_same70.o
_start                                            c:/program files (x86)/atmel/studio/7.0/toolchain/arm/arm-gnu-toolchain/bin/../lib/gcc/arm-none-eabi/6.3.1/../../../../arm-none-eabi/lib/thumb/v7e-m/crt0.o
_szero                                            src/ASF/sam/utils/cmsis/same70/source/templates/gcc/startup_same70.o
atexit                                            c:/program files (x86)/atmel/studio/7.0/toolchain/arm/arm-gnu-toolchain/bin/../lib/gcc/arm-none-eabi/6.3.1/../../../../arm-none-eabi/lib/thumb/v7e-m\libc.a(lib_a-atexit.o)
                                                  c:/program files (x86)/atmel/studio/7.0/toolchain/arm/arm-gnu-toolchain/bin/../lib/gcc/arm-none-eabi/6.3.1/../../../../arm-none-eabi/lib/thumb/v7e-m\libc.a(lib_a-__call_atexit.o)
                                                  c:/program files (x86)/atmel/studio/7.0/toolchain/arm/arm-gnu-toolchain/bin/../lib/gcc/arm-none-eabi/6.3.1/../../../../arm-none-eabi/lib/thumb/v7e-m/crt0.o
but1_callback                                     src/main.o
but1_flag                                         src/main.o
but2_callback                                     src/main.o
but2_flag                                         src/main.o
but3_callback                                     src/main.o
but3_flag                                         src/main.o
cpu_irq_enter_critical                            src/ASF/common/utils/interrupt/interrupt_sam_nvic.o
cpu_irq_leave_critical                            src/ASF/common/utils/interrupt/interrupt_sam_nvic.o
exception_table                                   src/ASF/sam/utils/cmsis/same70/source/templates/gcc/startup_same70.o
exit                                              c:/program files (x86)/atmel/studio/7.0/toolchain/arm/arm-gnu-toolchain/bin/../lib/gcc/arm-none-eabi/6.3.1/../../../../arm-none-eabi/lib/thumb/v7e-m\libc.a(lib_a-exit.o)
                                                  c:/program files (x86)/atmel/studio/7.0/toolchain/arm/arm-gnu-toolchain/bin/../lib/gcc/arm-none-eabi/6.3.1/../../../../arm-none-eabi/lib/thumb/v7e-m/crt0.o
free                                              c:/program files (x86)/atmel/studio/7.0/toolchain/arm/arm-gnu-toolchain/bin/../lib/gcc/arm-none-eabi/6.3.1/../../../../arm-none-eabi/lib/thumb/v7e-m\libc.a(lib_a-__call_atexit.o)
g_interrupt_enabled                               src/ASF/common/utils/interrupt/interrupt_sam_nvic.o
                                                  src/ASF/sam/utils/cmsis/same70/source/templates/gcc/startup_same70.o
                                                  src/ASF/sam/drivers/pmc/sleep.o
                                                  src/ASF/sam/drivers/mpu/mpu.o
hardware_init_hook                                c:/program files (x86)/atmel/studio/7.0/toolchain/arm/arm-gnu-toolchain/bin/../lib/gcc/arm-none-eabi/6.3.1/../../../../arm-none-eabi/lib/thumb/v7e-m/crt0.o
imperial_march_notes                              src/main.o
imperial_march_tempo                              src/main.o
init                                              src/main.o
link                                              src/ASF/sam/utils/syscalls/gcc/syscalls.o
main                                              src/main.o
                                                  src/ASF/sam/utils/cmsis/same70/source/templates/gcc/startup_same70.o
                                                  c:/program files (x86)/atmel/studio/7.0/toolchain/arm/arm-gnu-toolchain/bin/../lib/gcc/arm-none-eabi/6.3.1/../../../../arm-none-eabi/lib/thumb/v7e-m/crt0.o
malloc                                            c:/program files (x86)/atmel/studio/7.0/toolchain/arm/arm-gnu-toolchain/bin/../lib/gcc/arm-none-eabi/6.3.1/../../../../arm-none-eabi/lib/thumb/v7e-m\libc.a(lib_a-__atexit.o)
mario_theme_notes                                 src/main.o
mario_theme_tempo                                 src/main.o
memset                                            c:/program files (x86)/atmel/studio/7.0/toolchain/arm/arm-gnu-toolchain/bin/../lib/gcc/arm-none-eabi/6.3.1/../../../../arm-none-eabi/lib/thumb/v7e-m\libc.a(lib_a-memset.o)
                                                  c:/program files (x86)/atmel/studio/7.0/toolchain/arm/arm-gnu-toolchain/bin/../lib/gcc/arm-none-eabi/6.3.1/../../../../arm-none-eabi/lib/thumb/v7e-m/crt0.o
mpu_cal_mpu_region_size                           src/ASF/sam/drivers/mpu/mpu.o
mpu_disable_region                                src/ASF/sam/drivers/mpu/mpu.o
mpu_enable                                        src/ASF/sam/drivers/mpu/mpu.o
mpu_set_region                                    src/ASF/sam/drivers/mpu/mpu.o
mpu_set_region_num                                src/ASF/sam/drivers/mpu/mpu.o
mpu_update_regions                                src/ASF/sam/drivers/mpu/mpu.o
pause                                             src/function.o
pio_capture_disable                               src/ASF/sam/drivers/pio/pio.o
pio_capture_disable_interrupt                     src/ASF/sam/drivers/pio/pio.o
pio_capture_enable                                src/ASF/sam/drivers/pio/pio.o
pio_capture_enable_flag                           src/ASF/sam/drivers/pio/pio.o
pio_capture_enable_interrupt                      src/ASF/sam/drivers/pio/pio.o
pio_capture_get_interrupt_mask                    src/ASF/sam/drivers/pio/pio.o
pio_capture_get_interrupt_status                  src/ASF/sam/drivers/pio/pio.o
pio_capture_read                                  src/ASF/sam/drivers/pio/pio.o
pio_capture_set_mode                              src/ASF/sam/drivers/pio/pio.o
pio_clear                                         src/ASF/sam/drivers/pio/pio.o
                                                  src/main.o
                                                  src/function.o
pio_configure                                     src/ASF/sam/drivers/pio/pio.o
                                                  src/main.o
pio_configure_interrupt                           src/ASF/sam/drivers/pio/pio.o
                                                  src/ASF/sam/drivers/pio/pio_handler.o
pio_configure_pin                                 src/ASF/sam/drivers/pio/pio.o
pio_configure_pin_group                           src/ASF/sam/drivers/pio/pio.o
pio_disable_interrupt                             src/ASF/sam/drivers/pio/pio.o
                                                  src/ASF/sam/drivers/pio/pio_handler.o
pio_disable_output_write                          src/ASF/sam/drivers/pio/pio.o
pio_disable_pin_interrupt                         src/ASF/sam/drivers/pio/pio.o
pio_enable_interrupt                              src/ASF/sam/drivers/pio/pio.o
                                                  src/main.o
                                                  src/ASF/sam/drivers/pio/pio_handler.o
pio_enable_output_write                           src/ASF/sam/drivers/pio/pio.o
pio_enable_pin_interrupt                          src/ASF/sam/drivers/pio/pio.o
pio_get                                           src/ASF/sam/drivers/pio/pio.o
                                                  src/function.o
pio_get_interrupt_mask                            src/ASF/sam/drivers/pio/pio.o
                                                  src/ASF/sam/drivers/pio/pio_handler.o
pio_get_interrupt_status                          src/ASF/sam/drivers/pio/pio.o
                                                  src/ASF/sam/drivers/pio/pio_handler.o
pio_get_multi_driver_status                       src/ASF/sam/drivers/pio/pio.o
pio_get_output_data_status                        src/ASF/sam/drivers/pio/pio.o
pio_get_output_write_status                       src/ASF/sam/drivers/pio/pio.o
pio_get_pin_group                                 src/ASF/sam/drivers/pio/pio.o
                                                  src/ASF/sam/drivers/pio/pio_handler.o
pio_get_pin_group_id                              src/ASF/sam/drivers/pio/pio.o
                                                  src/ASF/sam/drivers/pio/pio_handler.o
pio_get_pin_group_mask                            src/ASF/sam/drivers/pio/pio.o
                                                  src/ASF/sam/drivers/pio/pio_handler.o
pio_get_pin_value                                 src/ASF/sam/drivers/pio/pio.o
pio_get_schmitt_trigger                           src/ASF/sam/drivers/pio/pio.o
pio_get_writeprotect_status                       src/ASF/sam/drivers/pio/pio.o
pio_handler_process                               src/ASF/sam/drivers/pio/pio_handler.o
pio_handler_set                                   src/ASF/sam/drivers/pio/pio_handler.o
                                                  src/main.o
pio_handler_set_pin                               src/ASF/sam/drivers/pio/pio_handler.o
pio_handler_set_priority                          src/ASF/sam/drivers/pio/pio_handler.o
pio_pull_down                                     src/ASF/sam/drivers/pio/pio.o
pio_pull_up                                       src/ASF/sam/drivers/pio/pio.o
pio_set                                           src/ASF/sam/drivers/pio/pio.o
                                                  src/main.o
                                                  src/function.o
pio_set_additional_interrupt_mode                 src/ASF/sam/drivers/pio/pio.o
pio_set_debounce_filter                           src/ASF/sam/drivers/pio/pio.o
pio_set_input                                     src/ASF/sam/drivers/pio/pio.o
                                                  src/main.o
pio_set_io_drive                                  src/ASF/sam/drivers/pio/pio.o
pio_set_multi_driver                              src/ASF/sam/drivers/pio/pio.o
pio_set_output                                    src/ASF/sam/drivers/pio/pio.o
                                                  src/main.o
pio_set_peripheral                                src/ASF/sam/drivers/pio/pio.o
pio_set_pin_group_high                            src/ASF/sam/drivers/pio/pio.o
pio_set_pin_group_low                             src/ASF/sam/drivers/pio/pio.o
pio_set_pin_high                                  src/ASF/sam/drivers/pio/pio.o
pio_set_pin_low                                   src/ASF/sam/drivers/pio/pio.o
pio_set_schmitt_trigger                           src/ASF/sam/drivers/pio/pio.o
pio_set_writeprotect                              src/ASF/sam/drivers/pio/pio.o
pio_sync_output_write                             src/ASF/sam/drivers/pio/pio.o
pio_toggle_pin                                    src/ASF/sam/drivers/pio/pio.o
pio_toggle_pin_group                              src/ASF/sam/drivers/pio/pio.o
pirate_notes                                      src/main.o
pirate_tempo                                      src/main.o
pmc_clr_fast_startup_input                        src/ASF/sam/drivers/pmc/pmc.o
pmc_disable_all_pck                               src/ASF/sam/drivers/pmc/pmc.o
pmc_disable_all_periph_clk                        src/ASF/sam/drivers/pmc/pmc.o
pmc_disable_clock_failure_detector                src/ASF/sam/drivers/pmc/pmc.o
pmc_disable_interrupt                             src/ASF/sam/drivers/pmc/pmc.o
pmc_disable_pck                                   src/ASF/sam/drivers/pmc/pmc.o
pmc_disable_periph_clk                            src/ASF/sam/drivers/pmc/pmc.o
pmc_disable_pllack                                src/ASF/sam/drivers/pmc/pmc.o
                                                  src/ASF/sam/drivers/pmc/sleep.o
                                                  src/ASF/common/services/clock/same70/sysclk.o
pmc_disable_sclk_osc_freq_monitor                 src/ASF/sam/drivers/pmc/pmc.o
pmc_disable_sleepwalking                          src/ASF/sam/drivers/pmc/pmc.o
pmc_disable_udpck                                 src/ASF/sam/drivers/pmc/pmc.o
                                                  src/ASF/common/services/clock/same70/sysclk.o
pmc_disable_upll_clock                            src/ASF/sam/drivers/pmc/pmc.o
pmc_enable_all_pck                                src/ASF/sam/drivers/pmc/pmc.o
pmc_enable_all_periph_clk                         src/ASF/sam/drivers/pmc/pmc.o
pmc_enable_backupmode                             src/ASF/sam/drivers/pmc/pmc.o
pmc_enable_clock_failure_detector                 src/ASF/sam/drivers/pmc/pmc.o
pmc_enable_interrupt                              src/ASF/sam/drivers/pmc/pmc.o
pmc_enable_pck                                    src/ASF/sam/drivers/pmc/pmc.o
pmc_enable_periph_clk                             src/ASF/sam/drivers/pmc/pmc.o
                                                  src/main.o
pmc_enable_pllack                                 src/ASF/sam/drivers/pmc/pmc.o
pmc_enable_sclk_osc_freq_monitor                  src/ASF/sam/drivers/pmc/pmc.o
pmc_enable_sleepmode                              src/ASF/sam/drivers/pmc/pmc.o
pmc_enable_sleepwalking                           src/ASF/sam/drivers/pmc/pmc.o
pmc_enable_udpck                                  src/ASF/sam/drivers/pmc/pmc.o
                                                  src/ASF/common/services/clock/same70/sysclk.o
pmc_enable_upll_clock                             src/ASF/sam/drivers/pmc/pmc.o
                                                  src/ASF/common/services/clock/same70/sysclk.o
pmc_enable_waitmode                               src/ASF/sam/drivers/pmc/pmc.o
                                                  src/ASF/sam/drivers/pmc/sleep.o
pmc_get_active_status0                            src/ASF/sam/drivers/pmc/pmc.o
pmc_get_active_status1                            src/ASF/sam/drivers/pmc/pmc.o
pmc_get_interrupt_mask                            src/ASF/sam/drivers/pmc/pmc.o
pmc_get_sleepwalking_status0                      src/ASF/sam/drivers/pmc/pmc.o
pmc_get_sleepwalking_status1                      src/ASF/sam/drivers/pmc/pmc.o
pmc_get_status                                    src/ASF/sam/drivers/pmc/pmc.o
pmc_get_writeprotect_status                       src/ASF/sam/drivers/pmc/pmc.o
pmc_is_locked_pllack                              src/ASF/sam/drivers/pmc/pmc.o
                                                  src/ASF/common/services/clock/same70/sysclk.o
pmc_is_locked_upll                                src/ASF/sam/drivers/pmc/pmc.o
                                                  src/ASF/common/services/clock/same70/sysclk.o
pmc_is_pck_enabled                                src/ASF/sam/drivers/pmc/pmc.o
pmc_is_periph_clk_enabled                         src/ASF/sam/drivers/pmc/pmc.o
pmc_is_wakeup_clocks_restored                     src/ASF/sam/drivers/pmc/sleep.o
pmc_mainck_osc_select                             src/ASF/sam/drivers/pmc/pmc.o
pmc_mck_set_division                              src/ASF/sam/drivers/pmc/pmc.o
                                                  src/ASF/common/services/clock/same70/sysclk.o
pmc_mck_set_prescaler                             src/ASF/sam/drivers/pmc/pmc.o
                                                  src/ASF/common/services/clock/same70/sysclk.o
pmc_mck_set_source                                src/ASF/sam/drivers/pmc/pmc.o
                                                  src/ASF/common/services/clock/same70/sysclk.o
pmc_osc_bypass_main_xtal                          src/ASF/sam/drivers/pmc/pmc.o
pmc_osc_disable_fastrc                            src/ASF/sam/drivers/pmc/pmc.o
pmc_osc_disable_main_xtal                         src/ASF/sam/drivers/pmc/pmc.o
pmc_osc_disable_xtal                              src/ASF/sam/drivers/pmc/pmc.o
pmc_osc_enable_fastrc                             src/ASF/sam/drivers/pmc/pmc.o
pmc_osc_enable_main_xtal                          src/ASF/sam/drivers/pmc/pmc.o
pmc_osc_is_bypassed_main_xtal                     src/ASF/sam/drivers/pmc/pmc.o
pmc_osc_is_ready_32kxtal                          src/ASF/sam/drivers/pmc/pmc.o
                                                  src/ASF/common/services/clock/same70/sysclk.o
pmc_osc_is_ready_fastrc                           src/ASF/sam/drivers/pmc/pmc.o
pmc_osc_is_ready_main_xtal                        src/ASF/sam/drivers/pmc/pmc.o
pmc_osc_is_ready_mainck                           src/ASF/sam/drivers/pmc/pmc.o
                                                  src/ASF/common/services/clock/same70/sysclk.o
pmc_pck_set_prescaler                             src/ASF/sam/drivers/pmc/pmc.o
pmc_pck_set_source                                src/ASF/sam/drivers/pmc/pmc.o
pmc_set_fast_startup_input                        src/ASF/sam/drivers/pmc/pmc.o
pmc_set_flash_in_wait_mode                        src/ASF/sam/drivers/pmc/pmc.o
                                                  src/ASF/sam/drivers/pmc/sleep.o
pmc_set_writeprotect                              src/ASF/sam/drivers/pmc/pmc.o
pmc_sleep                                         src/ASF/sam/drivers/pmc/sleep.o
                                                  src/main.o
pmc_switch_mainck_to_fastrc                       src/ASF/sam/drivers/pmc/pmc.o
                                                  src/ASF/common/services/clock/same70/sysclk.o
pmc_switch_mainck_to_xtal                         src/ASF/sam/drivers/pmc/pmc.o
                                                  src/ASF/common/services/clock/same70/sysclk.o
pmc_switch_mck_to_mainck                          src/ASF/sam/drivers/pmc/pmc.o
pmc_switch_mck_to_pllack                          src/ASF/sam/drivers/pmc/pmc.o
                                                  src/ASF/common/services/clock/same70/sysclk.o
pmc_switch_mck_to_sclk                            src/ASF/sam/drivers/pmc/pmc.o